runtime/nvidia/op_moe.cuh(1282): warning #177-D: label "down_scalar" was declared but never referenced
  down_scalar:
  ^

Remark: The warnings can be suppressed with "-diag-suppress <warning-number>"

runtime/nvidia/op_attention.cuh(1917): warning #177-D: variable "Kb8" was declared but never referenced
          const unsigned char* Kb8 = (const unsigned char*)K + (size_t)hkv * kv_stride * HD;
                               ^
          detected during:
            instantiation of "void d_flash_prefill<HD,BQ,BKV>(float *, float *, const __nv_bfloat16 *, const __nv_bfloat16 *, const __nv_bfloat16 *, __nv_bfloat16 *, unsigned int, unsigned int, unsigned int, unsigned int, unsigned int, unsigned int, unsigned int, unsigned int, unsigned int, float, unsigned int, unsigned int, float *, const int *, const void *) [with HD=512, BQ=32, BKV=16]" at line 3672
            instantiation of "void d_flash_prefill_mux<HD,BQ,BKV>(const int *, float *, float *, const __nv_bfloat16 *, const __nv_bfloat16 *, const __nv_bfloat16 *, __nv_bfloat16 *, unsigned int, unsigned int, unsigned int, unsigned int, unsigned int, unsigned int, unsigned int, unsigned int, unsigned int, float, unsigned int, unsigned int, float *, const void *) [with HD=512, BQ=32, BKV=16]" at line 1428 of runtime/nvidia/interp_sm120.cu

runtime/nvidia/op_attention.cuh(1918): warning #177-D: variable "Vb8" was declared but never referenced
          const unsigned char* Vb8 = (const unsigned char*)V + (size_t)hkv * kv_stride * HD;
                               ^
          detected during:
            instantiation of "void d_flash_prefill<HD,BQ,BKV>(float *, float *, const __nv_bfloat16 *, const __nv_bfloat16 *, const __nv_bfloat16 *, __nv_bfloat16 *, unsigned int, unsigned int, unsigned int, unsigned int, unsigned int, unsigned int, unsigned int, unsigned int, unsigned int, float, unsigned int, unsigned int, float *, const int *, const void *) [with HD=512, BQ=32, BKV=16]" at line 3672
            instantiation of "void d_flash_prefill_mux<HD,BQ,BKV>(const int *, float *, float *, const __nv_bfloat16 *, const __nv_bfloat16 *, const __nv_bfloat16 *, __nv_bfloat16 *, unsigned int, unsigned int, unsigned int, unsigned int, unsigned int, unsigned int, unsigned int, unsigned int, unsigned int, float, unsigned int, unsigned int, float *, const void *) [with HD=512, BQ=32, BKV=16]" at line 1428 of runtime/nvidia/interp_sm120.cu

ptxas info    : (C7519) warpgroup.arrive is injected in around line 3726 by compiler to allow use of registers in GMMA in function '_Z23interp_sm90a_pfpackedfa11PlowProgram'
ptxas info    : (C7519) warpgroup.arrive is injected in around line 3735 by compiler to allow use of registers in GMMA in function '_Z23interp_sm90a_pfpackedfa11PlowProgram'
ptxas info    : (C7519) warpgroup.arrive is injected in around line 4408 by compiler to allow use of registers in GMMA in function '_Z23interp_sm90a_pfpackedfa11PlowProgram'
ptxas info    : (C7519) warpgroup.arrive is injected in around line 4441 by compiler to allow use of registers in GMMA in function '_Z23interp_sm90a_pfpackedfa11PlowProgram'
ptxas info    : (C7519) warpgroup.arrive is injected in around line 4451 by compiler to allow use of registers in GMMA in function '_Z23interp_sm90a_pfpackedfa11PlowProgram'
ptxas info    : (C7519) warpgroup.arrive is injected in around line 12456 by compiler to allow use of registers in GMMA in function '_Z23interp_sm90a_pfpackedfa11PlowProgram'
ptxas info    : (C7519) warpgroup.arrive is injected in around line 12465 by compiler to allow use of registers in GMMA in function '_Z23interp_sm90a_pfpackedfa11PlowProgram'
ptxas info    : (C7519) warpgroup.arrive is injected in around line 13138 by compiler to allow use of registers in GMMA in function '_Z23interp_sm90a_pfpackedfa11PlowProgram'
ptxas info    : (C7519) warpgroup.arrive is injected in around line 13171 by compiler to allow use of registers in GMMA in function '_Z23interp_sm90a_pfpackedfa11PlowProgram'
ptxas info    : (C7519) warpgroup.arrive is injected in around line 13181 by compiler to allow use of registers in GMMA in function '_Z23interp_sm90a_pfpackedfa11PlowProgram'
ptxas info    : (C7511) Potential Performance Loss: wgmma.mma_async instructions are serialized due to insufficient register resources for the wgmma pipeline in the function '_Z23interp_sm90a_pfpackedfa11PlowProgram'
ptxas info    : 76 bytes gmem
ptxas info    : Compiling entry function '_Z23interp_sm90a_pfpackedfa11PlowProgram' for 'sm_90a'
ptxas info    : Function properties for _Z23interp_sm90a_pfpackedfa11PlowProgram
    168 bytes stack frame, 148 bytes spill stores, 220 bytes spill loads
ptxas info    : Used 255 registers, used 1 barriers, 168 bytes cumulative stack size, 32 bytes smem
ptxas info    : Compile time = 1527.088 ms
ptxas info    : Compiling entry function '_Z25plow_moe_slot_glu_fp8_blkP13__nv_bfloat16PKS_PKhPKyS6_jjjjj' for 'sm_90a'
ptxas info    : Function properties for _Z25plow_moe_slot_glu_fp8_blkP13__nv_bfloat16PKS_PKhPKyS6_jjjjj
    0 bytes stack frame, 0 bytes spill stores, 0 bytes spill loads
ptxas info    : Used 40 registers, used 0 barriers
ptxas info    : Compile time = 12.919 ms
ptxas info    : Compiling entry function '_Z27plow_moe_group_down_fp8_blkPfPK13__nv_bfloat16PKhPKyS6_jjjj' for 'sm_90a'
ptxas info    : Function properties for _Z27plow_moe_group_down_fp8_blkPfPK13__nv_bfloat16PKhPKyS6_jjjj
    0 bytes stack frame, 0 bytes spill stores, 0 bytes spill loads
ptxas info    : Used 46 registers, used 0 barriers
ptxas info    : Compile time = 8.695 ms
ptxas info    : Compiling entry function '_Z26plow_moe_group_glu_fp8_blkP13__nv_bfloat16PKS_PKhPKyS6_jjjjjj' for 'sm_90a'
ptxas info    : Function properties for _Z26plow_moe_group_glu_fp8_blkP13__nv_bfloat16PKS_PKhPKyS6_jjjjjj
    0 bytes stack frame, 0 bytes spill stores, 0 bytes spill loads
ptxas info    : Used 48 registers, used 0 barriers
ptxas info    : Compile time = 13.423 ms
