2026-09-10T09:41:19.765544Z  INFO plowrt: plowrt starting version="0.1.0" cuda=true hsa=false hf_tokenizer=true log_filter=info
2026-09-10T09:41:19.765819Z  INFO plowrt: resolved serve configuration assets=["plans/gemma3-12b-roofline/bf16-b16-fa256"] port=8013 socket=None executors=8 trace=false max_hold_ms=8.0 slo_ms=250.0 max_queued_requests=0 runtime=RuntimeConfig { checkpoint: None, prefetch: 256, prefetch_threads: 16, weight_slab: true, fusion: false, token_batch: true, prefix_cache: false, vmm_cache_mib: 4096, pf_batch: true, pf_interleave: 2048, pf_chunk: 0, pf_no_chunk: false, pf_no_interleave: false, pf_defer_decode: false, slab_keep: None, dstep_every: None, drain_timeout_ms: None, devices: [], place: Spread, pin: [], co_sched: Free, co_sched_quantum: 4, models_root: [], preload: true, kv_pool_mib: 512, ttft_log: false, pfx_log: false, dstep_log: false, pf_packlog: false, load_profile: false, nv: NvidiaRuntimeConfig { multistep: 8, vmm_prefix: None, vmm_live: false, vmm_live_rings: false, vmm_block_mib: 2, weight_vmm: true, upload_direct: true, cubin: Some("plans/gemma3-12b-roofline/cubin-gemma3-fa256/interp_sm90a.cubin"), cubin_pf: Some("plans/gemma3-12b-roofline/cubin-gemma3-fa256/interp_sm90a_pf.cubin"), kernel: None, kernel_pf: None, smem: None, smem_pf: None, dev_sample: None, cubin_sample: None, kernel_sample: None, libcuda: None, vram_budget_mib: None, step_time: false, l2_place_dispatch: false, pf_cover: false, pf_chunk_cost: 512, pf_seg_dir: Some("plans/gemma3-12b-roofline/cubin-gemma3-packed-fa-negative"), pf_seg_gemm_small: None, pf_seg_pure: Some("1"), pf_seg_fa512: Some("all"), pf_seg_graph: false, pf_seg_v2: None, pf_seg_time: false, pf_seg_fatonly: false, pf_seg_noncoop: false, pf_trace_log: false, pf_seg_eqsmem: false }, amd: AmdRuntimeConfig { ctr_dbuf: true, state_clear_device: true, packed_prefill_route: false, kda_family_route: true, global_queue: None, static_both: false, static_decode: false, static_prefill: false, seg_window: true, tp_prefill_segment_major: true, prefill_seg_timing: false, trace_allranks: false, attnres_f32mix_grid: None, moe_prefill_ep_max_extra_bytes: None, phase_objects: false, vmm_kv: false, vmm_block_mib: 2, weight_vmm: false, upload_slots: 1, oversub: false, share_ckpt: true, tp_serial_load: false, tp_agree_every: 1, tp_no_audit: false, tp_audit_direct: false, tp_audit_compact: true, launch_rows: None, token_batch_rows: None, token_batch_solo: false, token_batch_wide_tiles: false, ragged_chunk: true, mla_ns_live: false, hsaco: None, fp8_dir: None, trace_raw: None, ctr_snap: None, tens_snap: None, snap_tensors: None, snap_slot: 5, pf_capture: None, hsaco_lowrung: None, lowrung_max: 2, lm_row0: false, mla_pf_v2: true, mla_pf_aiter: false, moe_stage1_a4_reuse: true, dump_act: None }, cpu: CpuRuntimeConfig { threads: 0, numa: Auto, huge_pages: None, isa: Auto, spin_us: 2000, prefill_chunk: 0, mxfp4_dir: None, gq_opt_in: false, l2_place: false }, apple: AppleRuntimeConfig { backend: None, serial: false, spin_max: None, cpu_share: None, ane: None, ane_mlp: false, ane_mlp_layers: None, ane_mlp_placement: None, ane_mlp_cache: None, ane_mlp_fail: None, ane_w8: false, ane_units: None, ane_resid: None, out_range: None } } environment=[]
2026-09-10T09:41:19.765982Z  INFO plowrt: serve replay — the runtime half of build.json's emit_config.replay replay={"PLOW_NV_CUBIN": "plans/gemma3-12b-roofline/cubin-gemma3-fa256/interp_sm90a.cubin", "PLOW_NV_CUBIN_PF": "plans/gemma3-12b-roofline/cubin-gemma3-fa256/interp_sm90a_pf.cubin", "PLOW_PF_BATCH": "true", "PLOW_PF_SEG_DIR": "plans/gemma3-12b-roofline/cubin-gemma3-packed-fa-negative", "PLOW_PF_SEG_FA512": "all", "PLOW_PF_SEG_PURE": "1", "PLOW_PREFIX_CACHE": "false"}
2026-09-10T09:41:20.080996Z  INFO plowrt::device::cuda: CUDA device ready name=NVIDIA H100 80GB HBM3 sm_count=132 smem_optin=232448 cc_major=9 cc_minor=0 coherent_host_dma=false driver=13.0
2026-09-10T09:41:20.081037Z  INFO plowrt: backend ready — GPU accelerated class=SmNv vendor=Some(Nvidia)
2026-09-10T09:41:21.126789Z  INFO plowrt::text::tokenizer: loaded HF tokenizer path=plans/gemma3-12b-roofline/bf16-b16-fa256/tokenizer.json
2026-09-10T09:41:21.137596Z  INFO plowrt::asset: chat template loaded from the assets source=plans/gemma3-12b-roofline/bf16-b16-fa256/checkpoint/chat_template.jinja
2026-09-10T09:41:21.137617Z  INFO plowrt: loaded model bundle dir=plans/gemma3-12b-roofline/bf16-b16-fa256 target=h100
2026-09-10T09:41:21.137621Z  INFO plowrt: registry ready models=1 trace=false
2026-09-10T09:41:21.500190Z  INFO plowrt::asset::devblob: devblob: assets compiled for a specific GPU target — a backend that resolves its device can cross-check this fingerprint (Gap 4) target_fp=0x071c7f02 n_cu=132
2026-09-10T09:41:21.912324Z  INFO plowrt::asset::devblob: devblob: assets compiled for a specific GPU target — a backend that resolves its device can cross-check this fingerprint (Gap 4) target_fp=0x071c7f02 n_cu=132
2026-09-10T09:41:21.912539Z  INFO plowrt: placement: group ready group=0 devices=[0] models=["checkpoint"] capacity_gib=79.1787109375 policy=Spread
2026-09-10T09:41:22.274719Z  INFO plowrt::asset::devblob: devblob: assets compiled for a specific GPU target — a backend that resolves its device can cross-check this fingerprint (Gap 4) target_fp=0x071c7f02 n_cu=132
2026-09-10T09:41:22.640276Z  INFO plowrt::asset::devblob: devblob: assets compiled for a specific GPU target — a backend that resolves its device can cross-check this fingerprint (Gap 4) target_fp=0x071c7f02 n_cu=132
2026-09-10T09:41:22.692376Z  INFO plowrt::serve::manager: planner: model registered slug=checkpoint weights_gib=21.91596007719636 kv_gib=24.5 other_gib=0.40695351362228394 total_gib=46.822913590818644
2026-09-10T09:41:22.692407Z  INFO plowrt::serve: co-tenant scheduling installed groups=1 mode=Free quantum=4
2026-09-10T09:41:22.692887Z  INFO plowrt::exec::gpu: loading model onto GPU... assets=plans/gemma3-12b-roofline/bf16-b16-fa256 checkpoint=plans/gemma3-12b-roofline/bf16-b16-fa256/checkpoint device=NVIDIA H100 80GB HBM3
2026-09-10T09:41:23.113327Z  INFO plowrt::asset::devblob: devblob: assets compiled for a specific GPU target — a backend that resolves its device can cross-check this fingerprint (Gap 4) target_fp=0x071c7f02 n_cu=132
2026-09-10T09:41:23.113426Z  INFO plowrt::exec::gpu: parsed PLOWDEV blob blob=plans/gemma3-12b-roofline/bf16-b16-fa256/model.pkt tensors=1192 n_cu=132 programs=9
2026-09-10T09:41:23.194801Z  INFO plowrt::exec::gpu: VMM prefix cache selection requested=Some(false) selected=false
2026-09-10T09:41:23.409876Z  INFO plowrt::exec::gpu: multistep disabled by incompatible decode mode configured=8
2026-09-10T09:41:23.781743Z  INFO plowrt::exec::gpu: interpreter module loaded profile="sm90a" source=PLOW_NV_CUBIN=plans/gemma3-12b-roofline/cubin-gemma3-fa256/interp_sm90a.cubin kernel=_Z12interp_sm90a11PlowProgram grid=132 smem=16448 occ_per_sm=1 cubin_bytes=1456248
2026-09-10T09:41:23.781784Z  INFO plowrt::exec::gpu: NVIDIA decode capacity metadata decode_rungs=[1, 2, 4, 8, 16] gemv_mm_cap=8 gemv_weight_passes=2
2026-09-10T09:41:23.781790Z  INFO plowrt::exec::gpu: live KV allocation enabled by packet metadata
2026-09-10T09:41:23.809710Z  INFO plowrt::memory::vmm: vmm kv pool up (full layers VMM-backed, sliding on cudaMalloc) full_layers=8 kv_elem=2 kv_elem_slide=2 block_mib=2 block_rows=4096 bph=5 va_gib=20.0
2026-09-10T09:41:23.809797Z  INFO plowrt::asset::checkpoint: opening safetensors checkpoint... dir=plans/gemma3-12b-roofline/bf16-b16-fa256/checkpoint
2026-09-10T09:41:23.809881Z  INFO plowrt::asset::checkpoint: found safetensors shards shards=5
2026-09-10T09:41:23.810846Z  INFO plowrt::asset::checkpoint: checkpoint ready (all shards mmap'd) shards=5 tensors=1065 ms="1"
2026-09-10T09:41:23.810852Z  INFO plowrt::exec::gpu: checkpoint opened, starting weight upload to GPU... checkpoint=plans/gemma3-12b-roofline/bf16-b16-fa256/checkpoint
2026-09-10T09:41:23.859277Z  INFO plowrt::exec::gpu: upload pipe mode direct=false
2026-09-10T09:41:28.409365Z  INFO plowrt::exec::gpu: checkpoint weights uploaded to GPU tensors=626 weight_gib="21.92" kv_gib="40.00" elapsed_s="4.6" throughput_gib_s="4.76"
2026-09-10T09:41:28.590737Z  INFO plowrt::device::cuda::lt: cuBLASLt load-time algorithm selected m=16 n=4096 k=3840 index=1 candidates=8 workspace=0 cold_bytes=503316480 matmul_ms=0.014763999730348587
2026-09-10T09:41:28.601943Z  INFO plowrt::device::cuda::lt: cuBLASLt load-time algorithm selected m=16 n=2048 k=3840 index=1 candidates=8 workspace=262160 cold_bytes=251658240 matmul_ms=0.012191000394523144
2026-09-10T09:41:28.614749Z  INFO plowrt::device::cuda::lt: cuBLASLt load-time algorithm selected m=16 n=3840 k=4096 index=1 candidates=8 workspace=0 cold_bytes=503316480 matmul_ms=0.0148290004581213
2026-09-10T09:41:28.635033Z  INFO plowrt::device::cuda::lt: cuBLASLt load-time algorithm selected m=16 n=15360 k=3840 index=4 candidates=8 workspace=0 cold_bytes=825753600 matmul_ms=0.04324571415781975
2026-09-10T09:41:28.645485Z  INFO plowrt::device::cuda::lt: cuBLASLt load-time algorithm selected m=16 n=3840 k=15360 index=7 candidates=8 workspace=491536 cold_bytes=825753600 matmul_ms=0.04709943011403084
2026-09-10T09:41:28.645913Z  INFO plowrt::exec::gpu::cublaslt: cuBLASLt decode routes prepared segments=529 projections=336 plans=5
2026-09-10T09:41:28.664796Z  INFO plowrt::exec::gpu::cublaslt: cuBLASLt decode routes prepared segments=529 projections=336 plans=5
2026-09-10T09:41:28.688480Z  INFO plowrt::exec::gpu::cublaslt: cuBLASLt decode routes prepared segments=529 projections=336 plans=5
2026-09-10T09:41:28.712383Z  INFO plowrt::exec::gpu::cublaslt: cuBLASLt decode routes prepared segments=529 projections=336 plans=5
2026-09-10T09:41:28.739892Z  INFO plowrt::exec::gpu::cublaslt: cuBLASLt decode routes prepared segments=529 projections=336 plans=5
2026-09-10T09:41:28.744161Z  INFO plowrt::exec::gpu: packet decode rung selection enabled rungs=5
Error: Msg("checkpoint: model load failed: device error: prefill object PLOW_NV_CUBIN_PF=plans/gemma3-12b-roofline/cubin-gemma3-fa256/interp_sm90a_pf.cubin failed to load: request rejected: interp_sm90a_pfpackedfa.cubin: packed prefill: object requires packed request ABI2\nRefusing to start: falling back to decode-only prompt consumption would prefill one token at a time (measured >=707 s vs ~32 s on a 127k prompt) with no symptom but slowness.\nCommon cause: the object's shared-memory arena exceeds this device's opt-in cap — check `-Xptxas -v` against the 101376 B limit (e.g. PGM_STAGES=5 or PGM_BN=256 overflow it). Remove the prefill cubin to serve decode-only deliberately.")
