2026-09-10T09:16:48.113989Z  INFO plowrt: plowrt starting version="0.1.0" cuda=true hsa=false hf_tokenizer=true log_filter=info
2026-09-10T09:16:48.114234Z  INFO plowrt: resolved serve configuration assets=["plans/gemma3-12b-roofline/bf16-occ2-uniseg-negative"] port=8013 socket=None executors=8 trace=false max_hold_ms=8.0 slo_ms=250.0 max_queued_requests=0 runtime=RuntimeConfig { checkpoint: None, prefetch: 256, prefetch_threads: 16, weight_slab: true, fusion: false, token_batch: true, prefix_cache: false, vmm_cache_mib: 4096, pf_batch: false, pf_interleave: 2048, pf_chunk: 0, pf_no_chunk: false, pf_no_interleave: false, pf_defer_decode: false, slab_keep: None, dstep_every: None, drain_timeout_ms: None, devices: [], place: Spread, pin: [], co_sched: Free, co_sched_quantum: 4, models_root: [], preload: true, kv_pool_mib: 512, ttft_log: false, pfx_log: false, dstep_log: false, pf_packlog: false, load_profile: false, nv: NvidiaRuntimeConfig { multistep: 8, vmm_prefix: None, vmm_live: false, vmm_live_rings: false, vmm_block_mib: 2, weight_vmm: true, upload_direct: true, cubin: Some("plans/gemma3-12b-roofline/cubin-gemma3-decode-occ2/interp_sm90a.cubin"), cubin_pf: Some("plans/gemma3-12b-roofline/cubin-gemma3-ws384/interp_sm90a_pf.cubin"), kernel: None, kernel_pf: None, smem: None, smem_pf: None, dev_sample: None, cubin_sample: None, kernel_sample: None, libcuda: None, vram_budget_mib: None, step_time: false, l2_place_dispatch: false, pf_cover: false, pf_chunk_cost: 512, pf_seg_dir: Some("plans/gemma3-12b-roofline/cubin-gemma3-ws384"), pf_seg_gemm_small: None, pf_seg_pure: Some("1"), pf_seg_fa512: None, pf_seg_graph: true, pf_seg_v2: None, pf_seg_time: false, pf_seg_fatonly: false, pf_seg_noncoop: false, pf_trace_log: false, pf_seg_eqsmem: false }, amd: AmdRuntimeConfig { ctr_dbuf: true, state_clear_device: true, packed_prefill_route: false, kda_family_route: true, global_queue: None, static_both: false, static_decode: false, static_prefill: false, seg_window: true, tp_prefill_segment_major: true, prefill_seg_timing: false, trace_allranks: false, attnres_f32mix_grid: None, moe_prefill_ep_max_extra_bytes: None, phase_objects: false, vmm_kv: false, vmm_block_mib: 2, weight_vmm: false, upload_slots: 1, oversub: false, share_ckpt: true, tp_serial_load: false, tp_agree_every: 1, tp_no_audit: false, tp_audit_direct: false, tp_audit_compact: true, launch_rows: None, token_batch_rows: None, token_batch_solo: false, token_batch_wide_tiles: false, ragged_chunk: true, mla_ns_live: false, hsaco: None, fp8_dir: None, trace_raw: None, ctr_snap: None, tens_snap: None, snap_tensors: None, snap_slot: 5, pf_capture: None, hsaco_lowrung: None, lowrung_max: 2, lm_row0: false, mla_pf_v2: true, mla_pf_aiter: false, moe_stage1_a4_reuse: true, dump_act: None }, cpu: CpuRuntimeConfig { threads: 0, numa: Auto, huge_pages: None, isa: Auto, spin_us: 2000, prefill_chunk: 0, mxfp4_dir: None, gq_opt_in: false, l2_place: false }, apple: AppleRuntimeConfig { backend: None, serial: false, spin_max: None, cpu_share: None, ane: None, ane_mlp: false, ane_mlp_layers: None, ane_mlp_placement: None, ane_mlp_cache: None, ane_mlp_fail: None, ane_w8: false, ane_units: None, ane_resid: None, out_range: None } } environment=[]
2026-09-10T09:16:48.114366Z  INFO plowrt: serve replay — the runtime half of build.json's emit_config.replay replay={"PLOW_NV_CUBIN": "plans/gemma3-12b-roofline/cubin-gemma3-decode-occ2/interp_sm90a.cubin", "PLOW_NV_CUBIN_PF": "plans/gemma3-12b-roofline/cubin-gemma3-ws384/interp_sm90a_pf.cubin", "PLOW_PF_SEG_DIR": "plans/gemma3-12b-roofline/cubin-gemma3-ws384", "PLOW_PF_SEG_GRAPH": "true", "PLOW_PF_SEG_PURE": "1", "PLOW_PREFIX_CACHE": "false"}
2026-09-10T09:16:48.430459Z  INFO plowrt::device::cuda: CUDA device ready name=NVIDIA H100 80GB HBM3 sm_count=132 smem_optin=232448 cc_major=9 cc_minor=0 coherent_host_dma=false driver=13.0
2026-09-10T09:16:48.430483Z  INFO plowrt: backend ready — GPU accelerated class=SmNv vendor=Some(Nvidia)
2026-09-10T09:16:49.510048Z  INFO plowrt::text::tokenizer: loaded HF tokenizer path=plans/gemma3-12b-roofline/bf16-occ2-uniseg-negative/tokenizer.json
2026-09-10T09:16:49.521169Z  INFO plowrt::asset: chat template loaded from the assets source=plans/gemma3-12b-roofline/bf16-occ2-uniseg-negative/checkpoint/chat_template.jinja
2026-09-10T09:16:49.521189Z  INFO plowrt: loaded model bundle dir=plans/gemma3-12b-roofline/bf16-occ2-uniseg-negative target=h100
2026-09-10T09:16:49.521193Z  INFO plowrt: registry ready models=1 trace=false
2026-09-10T09:16:49.892006Z  INFO plowrt::asset::devblob: devblob: assets compiled for a specific GPU target — a backend that resolves its device can cross-check this fingerprint (Gap 4) target_fp=0x071c7f02 n_cu=264
2026-09-10T09:16:50.259293Z  INFO plowrt::asset::devblob: devblob: assets compiled for a specific GPU target — a backend that resolves its device can cross-check this fingerprint (Gap 4) target_fp=0x071c7f02 n_cu=264
2026-09-10T09:16:50.259466Z  INFO plowrt: placement: group ready group=0 devices=[0] models=["checkpoint"] capacity_gib=79.1787109375 policy=Spread
2026-09-10T09:16:50.623849Z  INFO plowrt::asset::devblob: devblob: assets compiled for a specific GPU target — a backend that resolves its device can cross-check this fingerprint (Gap 4) target_fp=0x071c7f02 n_cu=264
2026-09-10T09:16:50.994704Z  INFO plowrt::asset::devblob: devblob: assets compiled for a specific GPU target — a backend that resolves its device can cross-check this fingerprint (Gap 4) target_fp=0x071c7f02 n_cu=264
2026-09-10T09:16:50.994830Z  INFO plowrt::serve::manager: planner: model registered slug=checkpoint weights_gib=21.91594648361206 kv_gib=1.875 other_gib=0.26687682047486305 total_gib=24.057823304086924
2026-09-10T09:16:50.994847Z  INFO plowrt::serve: co-tenant scheduling installed groups=1 mode=Free quantum=4
2026-09-10T09:16:50.995260Z  INFO plowrt::exec::gpu: loading model onto GPU... assets=plans/gemma3-12b-roofline/bf16-occ2-uniseg-negative checkpoint=plans/gemma3-12b-roofline/bf16-occ2-uniseg-negative/checkpoint device=NVIDIA H100 80GB HBM3
2026-09-10T09:16:51.401281Z  INFO plowrt::asset::devblob: devblob: assets compiled for a specific GPU target — a backend that resolves its device can cross-check this fingerprint (Gap 4) target_fp=0x071c7f02 n_cu=264
2026-09-10T09:16:51.401332Z  INFO plowrt::exec::gpu: parsed PLOWDEV blob blob=plans/gemma3-12b-roofline/bf16-occ2-uniseg-negative/model.pkt tensors=745 n_cu=264 programs=4
2026-09-10T09:16:51.401351Z  INFO plowrt::exec::gpu: VMM prefix cache selection requested=Some(false) selected=false
2026-09-10T09:16:51.402797Z  INFO plowrt::exec::gpu: interpreter module loaded profile="sm90a" source=PLOW_NV_CUBIN=plans/gemma3-12b-roofline/cubin-gemma3-decode-occ2/interp_sm90a.cubin kernel=_Z12interp_sm90a11PlowProgram grid=264 smem=16448 occ_per_sm=2 cubin_bytes=915576
2026-09-10T09:16:51.402824Z  INFO plowrt::exec::gpu: NVIDIA decode capacity metadata decode_rungs=[1] gemv_mm_cap=1 gemv_weight_passes=1
2026-09-10T09:16:51.402904Z  INFO plowrt::asset::checkpoint: opening safetensors checkpoint... dir=plans/gemma3-12b-roofline/bf16-occ2-uniseg-negative/checkpoint
2026-09-10T09:16:51.402974Z  INFO plowrt::asset::checkpoint: found safetensors shards shards=5
2026-09-10T09:16:51.403820Z  INFO plowrt::asset::checkpoint: checkpoint ready (all shards mmap'd) shards=5 tensors=1065 ms="1"
2026-09-10T09:16:51.403827Z  INFO plowrt::exec::gpu: checkpoint opened, starting weight upload to GPU... checkpoint=plans/gemma3-12b-roofline/bf16-occ2-uniseg-negative/checkpoint
2026-09-10T09:16:51.451984Z  INFO plowrt::exec::gpu: upload pipe mode direct=false
2026-09-10T09:16:55.991371Z  INFO plowrt::exec::gpu: checkpoint weights uploaded to GPU tensors=626 weight_gib="21.92" kv_gib="1.88" elapsed_s="4.6" throughput_gib_s="4.78"
2026-09-10T09:16:55.992237Z  INFO plowrt::exec::gpu: decode: dynamic B=1 KV row — immutable instruction stream
2026-09-10T09:16:56.003041Z  INFO plowrt::exec::gpu: segmented prefill pair loaded grid_flash=132 grid_gemm=132 smem_flash=132160 smem_gemm=197696 block_gemm=384 fa512=false
Error: Msg("checkpoint: model load failed: device error: prefill object PLOW_NV_CUBIN_PF=plans/gemma3-12b-roofline/cubin-gemma3-ws384/interp_sm90a_pf.cubin failed to load: device error: prefill grid 132 (1/SM × 132 SMs) != decode grid 264 (n_cu 264) — ordinary prefill launches must share the decode grid\nRefusing to start: falling back to decode-only prompt consumption would prefill one token at a time (measured >=707 s vs ~32 s on a 127k prompt) with no symptom but slowness.\nCommon cause: the object's shared-memory arena exceeds this device's opt-in cap — check `-Xptxas -v` against the 101376 B limit (e.g. PGM_STAGES=5 or PGM_BN=256 overflow it). Remove the prefill cubin to serve decode-only deliberately.")
