2026-09-10T10:07:50.675769Z  INFO plowrt: plowrt starting version="0.1.0" cuda=true hsa=false hf_tokenizer=true log_filter=info
2026-09-10T10:07:50.675857Z  INFO plowrt: resolved serve configuration assets=["plans/gemma3-12b-roofline/fp8-w8a16-lean"] port=8013 socket=None executors=8 trace=false max_hold_ms=8.0 slo_ms=250.0 max_queued_requests=0 runtime=RuntimeConfig { checkpoint: None, prefetch: 256, prefetch_threads: 16, weight_slab: true, fusion: false, token_batch: true, prefix_cache: false, vmm_cache_mib: 4096, pf_batch: false, pf_interleave: 2048, pf_chunk: 0, pf_no_chunk: false, pf_no_interleave: false, pf_defer_decode: false, slab_keep: None, dstep_every: None, drain_timeout_ms: None, devices: [], place: Spread, pin: [], co_sched: Free, co_sched_quantum: 4, models_root: [], preload: true, kv_pool_mib: 512, ttft_log: false, pfx_log: false, dstep_log: false, pf_packlog: false, load_profile: false, nv: NvidiaRuntimeConfig { multistep: 8, vmm_prefix: None, vmm_live: false, vmm_live_rings: false, vmm_block_mib: 2, weight_vmm: true, upload_direct: true, cubin: Some("plans/gemma3-12b-roofline/cubin-gemma3-decode-occ2/interp_sm90a.cubin"), cubin_pf: Some("plans/gemma3-12b-roofline/cubin-gemma3-fa256/interp_sm90a_pf.cubin"), kernel: None, kernel_pf: None, smem: None, smem_pf: None, dev_sample: None, cubin_sample: None, kernel_sample: None, libcuda: None, vram_budget_mib: None, step_time: false, l2_place_dispatch: false, pf_cover: false, pf_chunk_cost: 512, pf_seg_dir: Some("plans/gemma3-12b-roofline/cubin-gemma3-fa256"), pf_seg_gemm_small: None, pf_seg_pure: Some("w8a16"), pf_seg_fa512: Some("all"), pf_seg_graph: false, pf_seg_v2: None, pf_seg_time: false, pf_seg_fatonly: false, pf_seg_noncoop: false, pf_trace_log: false, pf_seg_eqsmem: false }, amd: AmdRuntimeConfig { ctr_dbuf: true, state_clear_device: true, packed_prefill_route: false, kda_family_route: true, global_queue: None, static_both: false, static_decode: false, static_prefill: false, seg_window: true, tp_prefill_segment_major: true, prefill_seg_timing: false, trace_allranks: false, attnres_f32mix_grid: None, moe_prefill_ep_max_extra_bytes: None, phase_objects: false, vmm_kv: false, vmm_block_mib: 2, weight_vmm: false, upload_slots: 1, oversub: false, share_ckpt: true, tp_serial_load: false, tp_agree_every: 1, tp_no_audit: false, tp_audit_direct: false, tp_audit_compact: true, launch_rows: None, token_batch_rows: None, token_batch_solo: false, token_batch_wide_tiles: false, ragged_chunk: true, mla_ns_live: false, hsaco: None, fp8_dir: None, trace_raw: None, ctr_snap: None, tens_snap: None, snap_tensors: None, snap_slot: 5, pf_capture: None, hsaco_lowrung: None, lowrung_max: 2, lm_row0: false, mla_pf_v2: true, mla_pf_aiter: false, moe_stage1_a4_reuse: true, dump_act: None }, cpu: CpuRuntimeConfig { threads: 0, numa: Auto, huge_pages: None, isa: Auto, spin_us: 2000, prefill_chunk: 0, mxfp4_dir: None, gq_opt_in: false, l2_place: false }, apple: AppleRuntimeConfig { backend: None, serial: false, spin_max: None, cpu_share: None, ane: None, ane_mlp: false, ane_mlp_layers: None, ane_mlp_placement: None, ane_mlp_cache: None, ane_mlp_fail: None, ane_w8: false, ane_units: None, ane_resid: None, out_range: None } } environment=[]
2026-09-10T10:07:50.676013Z  INFO plowrt: serve replay — the runtime half of build.json's emit_config.replay replay={"PLOW_NV_CUBIN": "plans/gemma3-12b-roofline/cubin-gemma3-decode-occ2/interp_sm90a.cubin", "PLOW_NV_CUBIN_PF": "plans/gemma3-12b-roofline/cubin-gemma3-fa256/interp_sm90a_pf.cubin", "PLOW_PF_SEG_DIR": "plans/gemma3-12b-roofline/cubin-gemma3-fa256", "PLOW_PF_SEG_FA512": "all", "PLOW_PF_SEG_PURE": "w8a16", "PLOW_PREFIX_CACHE": "false"}
2026-09-10T10:07:50.992628Z  INFO plowrt::device::cuda: CUDA device ready name=NVIDIA H100 80GB HBM3 sm_count=132 smem_optin=232448 cc_major=9 cc_minor=0 coherent_host_dma=false driver=13.0
2026-09-10T10:07:50.992669Z  INFO plowrt: backend ready — GPU accelerated class=SmNv vendor=Some(Nvidia)
2026-09-10T10:07:52.343919Z  INFO plowrt::text::tokenizer: loaded HF tokenizer path=plans/gemma3-12b-roofline/fp8-w8a16-lean/tokenizer.json
2026-09-10T10:07:52.349215Z  INFO plowrt::asset: chat template loaded from the assets source=plans/gemma3-12b-roofline/fp8-w8a16-lean/checkpoint/chat_template.jinja
2026-09-10T10:07:52.349236Z  INFO plowrt: loaded model bundle dir=plans/gemma3-12b-roofline/fp8-w8a16-lean target=h100
2026-09-10T10:07:52.349240Z  INFO plowrt: registry ready models=1 trace=false
2026-09-10T10:07:52.720390Z  INFO plowrt::asset::devblob: devblob: assets compiled for a specific GPU target — a backend that resolves its device can cross-check this fingerprint (Gap 4) target_fp=0x071c7f02 n_cu=264
2026-09-10T10:07:53.098311Z  INFO plowrt::asset::devblob: devblob: assets compiled for a specific GPU target — a backend that resolves its device can cross-check this fingerprint (Gap 4) target_fp=0x071c7f02 n_cu=264
2026-09-10T10:07:53.098553Z  INFO plowrt: placement: group ready group=0 devices=[0] models=["checkpoint-fp8"] capacity_gib=79.1787109375 policy=Spread
2026-09-10T10:07:53.459347Z  INFO plowrt::asset::devblob: devblob: assets compiled for a specific GPU target — a backend that resolves its device can cross-check this fingerprint (Gap 4) target_fp=0x071c7f02 n_cu=264
2026-09-10T10:07:53.830879Z  INFO plowrt::asset::devblob: devblob: assets compiled for a specific GPU target — a backend that resolves its device can cross-check this fingerprint (Gap 4) target_fp=0x071c7f02 n_cu=264
2026-09-10T10:07:53.831032Z  INFO plowrt::serve::manager: planner: model registered slug=checkpoint-fp8 weights_gib=11.904746532440186 kv_gib=1.875 other_gib=0.26688874140381813 total_gib=14.046635273844004
2026-09-10T10:07:53.831048Z  INFO plowrt::serve: co-tenant scheduling installed groups=1 mode=Free quantum=4
2026-09-10T10:07:53.831397Z  INFO plowrt::exec::gpu: loading model onto GPU... assets=plans/gemma3-12b-roofline/fp8-w8a16-lean checkpoint=plans/gemma3-12b-roofline/fp8-w8a16-lean/checkpoint device=NVIDIA H100 80GB HBM3
2026-09-10T10:07:54.259434Z  INFO plowrt::asset::devblob: devblob: assets compiled for a specific GPU target — a backend that resolves its device can cross-check this fingerprint (Gap 4) target_fp=0x071c7f02 n_cu=264
2026-09-10T10:07:54.259515Z  INFO plowrt::exec::gpu: parsed PLOWDEV blob blob=plans/gemma3-12b-roofline/fp8-w8a16-lean/model.pkt tensors=1133 n_cu=264 programs=4
2026-09-10T10:07:54.259536Z  INFO plowrt::exec::gpu: VMM prefix cache selection requested=Some(false) selected=false
2026-09-10T10:07:54.261869Z  INFO plowrt::exec::gpu: interpreter module loaded profile="sm90a" source=PLOW_NV_CUBIN=plans/gemma3-12b-roofline/cubin-gemma3-decode-occ2/interp_sm90a.cubin kernel=_Z12interp_sm90a11PlowProgram grid=264 smem=16448 occ_per_sm=2 cubin_bytes=915576
2026-09-10T10:07:54.261899Z  INFO plowrt::exec::gpu: NVIDIA decode capacity metadata decode_rungs=[1] gemv_mm_cap=1 gemv_weight_passes=1
2026-09-10T10:07:54.261993Z  INFO plowrt::asset::checkpoint: opening safetensors checkpoint... dir=plans/gemma3-12b-roofline/fp8-w8a16-lean/checkpoint
2026-09-10T10:07:54.262105Z  INFO plowrt::asset::checkpoint: found safetensors shards shards=6
2026-09-10T10:07:54.263464Z  INFO plowrt::asset::checkpoint: checkpoint ready (all shards mmap'd) shards=6 tensors=1737 ms="1"
2026-09-10T10:07:54.263471Z  INFO plowrt::exec::gpu: checkpoint opened, starting weight upload to GPU... checkpoint=plans/gemma3-12b-roofline/fp8-w8a16-lean/checkpoint
2026-09-10T10:07:54.311357Z  INFO plowrt::exec::gpu: upload pipe mode direct=false
2026-09-10T10:07:57.128001Z  INFO plowrt::exec::gpu: checkpoint weights uploaded to GPU tensors=962 weight_gib="11.90" kv_gib="1.88" elapsed_s="2.9" throughput_gib_s="4.15"
2026-09-10T10:07:57.129516Z  INFO plowrt::exec::gpu: decode: dynamic B=1 KV row — immutable instruction stream
Error: Msg("checkpoint-fp8: model load failed: device error: prefill object PLOW_NV_CUBIN_PF=plans/gemma3-12b-roofline/cubin-gemma3-fa256/interp_sm90a_pf.cubin failed to load: request rejected: w8a16 segments require a compatible W8A16 GEMM object: interp_sm90a_pfgemm.cubin\nRefusing to start: falling back to decode-only prompt consumption would prefill one token at a time (measured >=707 s vs ~32 s on a 127k prompt) with no symptom but slowness.\nCommon cause: the object's shared-memory arena exceeds this device's opt-in cap — check `-Xptxas -v` against the 101376 B limit (e.g. PGM_STAGES=5 or PGM_BN=256 overflow it). Remove the prefill cubin to serve decode-only deliberately.")
