runtime/nvidia/op_moe.cuh(1282): warning #177-D: label "down_scalar" was declared but never referenced
  down_scalar:
  ^

Remark: The warnings can be suppressed with "-diag-suppress <warning-number>"

ptxas info    : (C7519) warpgroup.arrive is injected in around line 4451 by compiler to allow use of registers in GMMA in function '_Z17interp_sm90a_pffa11PlowProgram'
ptxas info    : (C7519) warpgroup.arrive is injected in around line 4460 by compiler to allow use of registers in GMMA in function '_Z17interp_sm90a_pffa11PlowProgram'
ptxas info    : (C7519) warpgroup.arrive is injected in around line 5207 by compiler to allow use of registers in GMMA in function '_Z17interp_sm90a_pffa11PlowProgram'
ptxas info    : (C7519) warpgroup.arrive is injected in around line 5242 by compiler to allow use of registers in GMMA in function '_Z17interp_sm90a_pffa11PlowProgram'
ptxas info    : (C7519) warpgroup.arrive is injected in around line 5276 by compiler to allow use of registers in GMMA in function '_Z17interp_sm90a_pffa11PlowProgram'
ptxas info    : (C7519) warpgroup.arrive is injected in around line 5311 by compiler to allow use of registers in GMMA in function '_Z17interp_sm90a_pffa11PlowProgram'
ptxas info    : (C7519) warpgroup.arrive is injected in around line 5321 by compiler to allow use of registers in GMMA in function '_Z17interp_sm90a_pffa11PlowProgram'
ptxas info    : (C7519) warpgroup.arrive is injected in around line 10063 by compiler to allow use of registers in GMMA in function '_Z17interp_sm90a_pffa11PlowProgram'
ptxas info    : (C7519) warpgroup.arrive is injected in around line 10072 by compiler to allow use of registers in GMMA in function '_Z17interp_sm90a_pffa11PlowProgram'
ptxas info    : (C7519) warpgroup.arrive is injected in around line 11251 by compiler to allow use of registers in GMMA in function '_Z17interp_sm90a_pffa11PlowProgram'
ptxas info    : (C7519) warpgroup.arrive is injected in around line 11283 by compiler to allow use of registers in GMMA in function '_Z17interp_sm90a_pffa11PlowProgram'
ptxas info    : (C7519) warpgroup.arrive is injected in around line 11292 by compiler to allow use of registers in GMMA in function '_Z17interp_sm90a_pffa11PlowProgram'
ptxas info    : 80 bytes gmem
ptxas info    : Compiling entry function '_Z17interp_sm90a_pffa11PlowProgram' for 'sm_90a'
ptxas info    : Function properties for _Z17interp_sm90a_pffa11PlowProgram
    280 bytes stack frame, 316 bytes spill stores, 532 bytes spill loads
ptxas info    : Used 255 registers, used 1 barriers, 280 bytes cumulative stack size, 48 bytes smem
ptxas info    : Compile time = 745.022 ms
ptxas info    : Compiling entry function '_Z25plow_moe_slot_glu_fp8_blkP13__nv_bfloat16PKS_PKhPKyS6_jjjjj' for 'sm_90a'
ptxas info    : Function properties for _Z25plow_moe_slot_glu_fp8_blkP13__nv_bfloat16PKS_PKhPKyS6_jjjjj
    0 bytes stack frame, 0 bytes spill stores, 0 bytes spill loads
ptxas info    : Used 40 registers, used 0 barriers
ptxas info    : Compile time = 11.676 ms
ptxas info    : Compiling entry function '_Z27plow_moe_group_down_fp8_blkPfPK13__nv_bfloat16PKhPKyS6_jjjj' for 'sm_90a'
ptxas info    : Function properties for _Z27plow_moe_group_down_fp8_blkPfPK13__nv_bfloat16PKhPKyS6_jjjj
    0 bytes stack frame, 0 bytes spill stores, 0 bytes spill loads
ptxas info    : Used 46 registers, used 0 barriers
ptxas info    : Compile time = 8.378 ms
ptxas info    : Compiling entry function '_Z26plow_moe_group_glu_fp8_blkP13__nv_bfloat16PKS_PKhPKyS6_jjjjjj' for 'sm_90a'
ptxas info    : Function properties for _Z26plow_moe_group_glu_fp8_blkP13__nv_bfloat16PKS_PKhPKyS6_jjjjjj
    0 bytes stack frame, 0 bytes spill stores, 0 bytes spill loads
ptxas info    : Used 48 registers, used 0 barriers
ptxas info    : Compile time = 12.316 ms
runtime/nvidia/op_moe.cuh(1282): warning #177-D: label "down_scalar" was declared but never referenced
  down_scalar:
  ^

Remark: The warnings can be suppressed with "-diag-suppress <warning-number>"

ptxas info    : (C7519) warpgroup.arrive is injected in around line 25803 by compiler to allow use of registers in GMMA in function '_Z23interp_sm90a_pfpackedfa11PlowProgram'
ptxas info    : (C7519) warpgroup.arrive is injected in around line 25812 by compiler to allow use of registers in GMMA in function '_Z23interp_sm90a_pfpackedfa11PlowProgram'
ptxas info    : (C7519) warpgroup.arrive is injected in around line 26553 by compiler to allow use of registers in GMMA in function '_Z23interp_sm90a_pfpackedfa11PlowProgram'
ptxas info    : (C7519) warpgroup.arrive is injected in around line 26587 by compiler to allow use of registers in GMMA in function '_Z23interp_sm90a_pfpackedfa11PlowProgram'
ptxas info    : (C7519) warpgroup.arrive is injected in around line 26621 by compiler to allow use of registers in GMMA in function '_Z23interp_sm90a_pfpackedfa11PlowProgram'
ptxas info    : (C7519) warpgroup.arrive is injected in around line 26655 by compiler to allow use of registers in GMMA in function '_Z23interp_sm90a_pfpackedfa11PlowProgram'
ptxas info    : (C7519) warpgroup.arrive is injected in around line 26665 by compiler to allow use of registers in GMMA in function '_Z23interp_sm90a_pfpackedfa11PlowProgram'
ptxas info    : (C7519) warpgroup.arrive is injected in around line 8349 by compiler to allow use of registers in GMMA in function '_Z23interp_sm90a_pfpackedfa11PlowProgram'
ptxas info    : (C7519) warpgroup.arrive is injected in around line 8359 by compiler to allow use of registers in GMMA in function '_Z23interp_sm90a_pfpackedfa11PlowProgram'
ptxas info    : (C7519) warpgroup.arrive is injected in around line 9100 by compiler to allow use of registers in GMMA in function '_Z23interp_sm90a_pfpackedfa11PlowProgram'
ptxas info    : (C7519) warpgroup.arrive is injected in around line 9134 by compiler to allow use of registers in GMMA in function '_Z23interp_sm90a_pfpackedfa11PlowProgram'
ptxas info    : (C7519) warpgroup.arrive is injected in around line 9168 by compiler to allow use of registers in GMMA in function '_Z23interp_sm90a_pfpackedfa11PlowProgram'
ptxas info    : (C7519) warpgroup.arrive is injected in around line 9202 by compiler to allow use of registers in GMMA in function '_Z23interp_sm90a_pfpackedfa11PlowProgram'
ptxas info    : (C7519) warpgroup.arrive is injected in around line 9212 by compiler to allow use of registers in GMMA in function '_Z23interp_sm90a_pfpackedfa11PlowProgram'
ptxas info    : (C7519) warpgroup.arrive is injected in around line 20757 by compiler to allow use of registers in GMMA in function '_Z23interp_sm90a_pfpackedfa11PlowProgram'
ptxas info    : (C7519) warpgroup.arrive is injected in around line 20766 by compiler to allow use of registers in GMMA in function '_Z23interp_sm90a_pfpackedfa11PlowProgram'
ptxas info    : (C7519) warpgroup.arrive is injected in around line 21507 by compiler to allow use of registers in GMMA in function '_Z23interp_sm90a_pfpackedfa11PlowProgram'
ptxas info    : (C7519) warpgroup.arrive is injected in around line 21541 by compiler to allow use of registers in GMMA in function '_Z23interp_sm90a_pfpackedfa11PlowProgram'
ptxas info    : (C7519) warpgroup.arrive is injected in around line 21575 by compiler to allow use of registers in GMMA in function '_Z23interp_sm90a_pfpackedfa11PlowProgram'
ptxas info    : (C7519) warpgroup.arrive is injected in around line 21609 by compiler to allow use of registers in GMMA in function '_Z23interp_sm90a_pfpackedfa11PlowProgram'
ptxas info    : (C7519) warpgroup.arrive is injected in around line 21619 by compiler to allow use of registers in GMMA in function '_Z23interp_sm90a_pfpackedfa11PlowProgram'
ptxas info    : (C7519) warpgroup.arrive is injected in around line 16830 by compiler to allow use of registers in GMMA in function '_Z23interp_sm90a_pfpackedfa11PlowProgram'
ptxas info    : (C7519) warpgroup.arrive is injected in around line 16839 by compiler to allow use of registers in GMMA in function '_Z23interp_sm90a_pfpackedfa11PlowProgram'
ptxas info    : (C7519) warpgroup.arrive is injected in around line 18002 by compiler to allow use of registers in GMMA in function '_Z23interp_sm90a_pfpackedfa11PlowProgram'
ptxas info    : (C7519) warpgroup.arrive is injected in around line 18034 by compiler to allow use of registers in GMMA in function '_Z23interp_sm90a_pfpackedfa11PlowProgram'
ptxas info    : (C7519) warpgroup.arrive is injected in around line 18043 by compiler to allow use of registers in GMMA in function '_Z23interp_sm90a_pfpackedfa11PlowProgram'
ptxas info    : (C7519) warpgroup.arrive is injected in around line 3846 by compiler to allow use of registers in GMMA in function '_Z23interp_sm90a_pfpackedfa11PlowProgram'
ptxas info    : (C7519) warpgroup.arrive is injected in around line 3856 by compiler to allow use of registers in GMMA in function '_Z23interp_sm90a_pfpackedfa11PlowProgram'
ptxas info    : (C7519) warpgroup.arrive is injected in around line 5019 by compiler to allow use of registers in GMMA in function '_Z23interp_sm90a_pfpackedfa11PlowProgram'
ptxas info    : (C7519) warpgroup.arrive is injected in around line 5051 by compiler to allow use of registers in GMMA in function '_Z23interp_sm90a_pfpackedfa11PlowProgram'
ptxas info    : (C7519) warpgroup.arrive is injected in around line 5060 by compiler to allow use of registers in GMMA in function '_Z23interp_sm90a_pfpackedfa11PlowProgram'
ptxas info    : (C7519) warpgroup.arrive is injected in around line 12819 by compiler to allow use of registers in GMMA in function '_Z23interp_sm90a_pfpackedfa11PlowProgram'
ptxas info    : (C7519) warpgroup.arrive is injected in around line 12828 by compiler to allow use of registers in GMMA in function '_Z23interp_sm90a_pfpackedfa11PlowProgram'
ptxas info    : (C7519) warpgroup.arrive is injected in around line 13991 by compiler to allow use of registers in GMMA in function '_Z23interp_sm90a_pfpackedfa11PlowProgram'
ptxas info    : (C7519) warpgroup.arrive is injected in around line 14023 by compiler to allow use of registers in GMMA in function '_Z23interp_sm90a_pfpackedfa11PlowProgram'
ptxas info    : (C7519) warpgroup.arrive is injected in around line 14032 by compiler to allow use of registers in GMMA in function '_Z23interp_sm90a_pfpackedfa11PlowProgram'
ptxas info    : (C7511) Potential Performance Loss: wgmma.mma_async instructions are serialized due to insufficient register resources for the wgmma pipeline in the function '_Z23interp_sm90a_pfpackedfa11PlowProgram'
ptxas info    : 80 bytes gmem
ptxas info    : Compiling entry function '_Z23interp_sm90a_pfpackedfa11PlowProgram' for 'sm_90a'
ptxas info    : Function properties for _Z23interp_sm90a_pfpackedfa11PlowProgram
    408 bytes stack frame, 428 bytes spill stores, 1048 bytes spill loads
ptxas info    : Used 255 registers, used 1 barriers, 408 bytes cumulative stack size, 48 bytes smem
ptxas info    : Compile time = 1964.013 ms
ptxas info    : Compiling entry function '_Z25plow_moe_slot_glu_fp8_blkP13__nv_bfloat16PKS_PKhPKyS6_jjjjj' for 'sm_90a'
ptxas info    : Function properties for _Z25plow_moe_slot_glu_fp8_blkP13__nv_bfloat16PKS_PKhPKyS6_jjjjj
    0 bytes stack frame, 0 bytes spill stores, 0 bytes spill loads
ptxas info    : Used 40 registers, used 0 barriers
ptxas info    : Compile time = 12.146 ms
ptxas info    : Compiling entry function '_Z27plow_moe_group_down_fp8_blkPfPK13__nv_bfloat16PKhPKyS6_jjjj' for 'sm_90a'
ptxas info    : Function properties for _Z27plow_moe_group_down_fp8_blkPfPK13__nv_bfloat16PKhPKyS6_jjjj
    0 bytes stack frame, 0 bytes spill stores, 0 bytes spill loads
ptxas info    : Used 46 registers, used 0 barriers
ptxas info    : Compile time = 8.496 ms
ptxas info    : Compiling entry function '_Z26plow_moe_group_glu_fp8_blkP13__nv_bfloat16PKS_PKhPKyS6_jjjjjj' for 'sm_90a'
ptxas info    : Function properties for _Z26plow_moe_group_glu_fp8_blkP13__nv_bfloat16PKS_PKhPKyS6_jjjjjj
    0 bytes stack frame, 0 bytes spill stores, 0 bytes spill loads
ptxas info    : Used 48 registers, used 0 barriers
ptxas info    : Compile time = 12.233 ms
