ptxas info    : (C7519) warpgroup.arrive is injected in around line 53323 by compiler to allow use of registers in GMMA in function '_Z13run_attentionILi512ELi64EEvPK13__nv_bfloat16S2_S2_PS0_PfS4_PKijjjjPKvj'
ptxas info    : (C7519) warpgroup.arrive is injected in around line 53354 by compiler to allow use of registers in GMMA in function '_Z13run_attentionILi512ELi64EEvPK13__nv_bfloat16S2_S2_PS0_PfS4_PKijjjjPKvj'
ptxas info    : (C7519) warpgroup.arrive is injected in around line 53385 by compiler to allow use of registers in GMMA in function '_Z13run_attentionILi512ELi64EEvPK13__nv_bfloat16S2_S2_PS0_PfS4_PKijjjjPKvj'
ptxas info    : (C7519) warpgroup.arrive is injected in around line 53416 by compiler to allow use of registers in GMMA in function '_Z13run_attentionILi512ELi64EEvPK13__nv_bfloat16S2_S2_PS0_PfS4_PKijjjjPKvj'
ptxas info    : (C7519) warpgroup.arrive is injected in around line 53425 by compiler to allow use of registers in GMMA in function '_Z13run_attentionILi512ELi64EEvPK13__nv_bfloat16S2_S2_PS0_PfS4_PKijjjjPKvj'
ptxas info    : (C7519) warpgroup.arrive is injected in around line 63667 by compiler to allow use of registers in GMMA in function '_Z13run_attentionILi512ELi64EEvPK13__nv_bfloat16S2_S2_PS0_PfS4_PKijjjjPKvj'
ptxas info    : (C7519) warpgroup.arrive is injected in around line 63698 by compiler to allow use of registers in GMMA in function '_Z13run_attentionILi512ELi64EEvPK13__nv_bfloat16S2_S2_PS0_PfS4_PKijjjjPKvj'
ptxas info    : (C7519) warpgroup.arrive is injected in around line 63729 by compiler to allow use of registers in GMMA in function '_Z13run_attentionILi512ELi64EEvPK13__nv_bfloat16S2_S2_PS0_PfS4_PKijjjjPKvj'
ptxas info    : (C7519) warpgroup.arrive is injected in around line 63760 by compiler to allow use of registers in GMMA in function '_Z13run_attentionILi512ELi64EEvPK13__nv_bfloat16S2_S2_PS0_PfS4_PKijjjjPKvj'
ptxas info    : (C7519) warpgroup.arrive is injected in around line 63769 by compiler to allow use of registers in GMMA in function '_Z13run_attentionILi512ELi64EEvPK13__nv_bfloat16S2_S2_PS0_PfS4_PKijjjjPKvj'
ptxas info    : (C7519) warpgroup.arrive is injected in around line 58457 by compiler to allow use of registers in GMMA in function '_Z13run_attentionILi512ELi64EEvPK13__nv_bfloat16S2_S2_PS0_PfS4_PKijjjjPKvj'
ptxas info    : (C7519) warpgroup.arrive is injected in around line 58488 by compiler to allow use of registers in GMMA in function '_Z13run_attentionILi512ELi64EEvPK13__nv_bfloat16S2_S2_PS0_PfS4_PKijjjjPKvj'
ptxas info    : (C7519) warpgroup.arrive is injected in around line 58519 by compiler to allow use of registers in GMMA in function '_Z13run_attentionILi512ELi64EEvPK13__nv_bfloat16S2_S2_PS0_PfS4_PKijjjjPKvj'
ptxas info    : (C7519) warpgroup.arrive is injected in around line 58550 by compiler to allow use of registers in GMMA in function '_Z13run_attentionILi512ELi64EEvPK13__nv_bfloat16S2_S2_PS0_PfS4_PKijjjjPKvj'
ptxas info    : (C7519) warpgroup.arrive is injected in around line 58559 by compiler to allow use of registers in GMMA in function '_Z13run_attentionILi512ELi64EEvPK13__nv_bfloat16S2_S2_PS0_PfS4_PKijjjjPKvj'
ptxas info    : (C7519) warpgroup.arrive is injected in around line 39222 by compiler to allow use of registers in GMMA in function '_Z13run_attentionILi512ELi32EEvPK13__nv_bfloat16S2_S2_PS0_PfS4_PKijjjjPKvj'
ptxas info    : (C7519) warpgroup.arrive is injected in around line 39255 by compiler to allow use of registers in GMMA in function '_Z13run_attentionILi512ELi32EEvPK13__nv_bfloat16S2_S2_PS0_PfS4_PKijjjjPKvj'
ptxas info    : (C7519) warpgroup.arrive is injected in around line 39288 by compiler to allow use of registers in GMMA in function '_Z13run_attentionILi512ELi32EEvPK13__nv_bfloat16S2_S2_PS0_PfS4_PKijjjjPKvj'
ptxas info    : (C7519) warpgroup.arrive is injected in around line 39321 by compiler to allow use of registers in GMMA in function '_Z13run_attentionILi512ELi32EEvPK13__nv_bfloat16S2_S2_PS0_PfS4_PKijjjjPKvj'
ptxas info    : (C7519) warpgroup.arrive is injected in around line 39331 by compiler to allow use of registers in GMMA in function '_Z13run_attentionILi512ELi32EEvPK13__nv_bfloat16S2_S2_PS0_PfS4_PKijjjjPKvj'
ptxas info    : (C7519) warpgroup.arrive is injected in around line 48251 by compiler to allow use of registers in GMMA in function '_Z13run_attentionILi512ELi32EEvPK13__nv_bfloat16S2_S2_PS0_PfS4_PKijjjjPKvj'
ptxas info    : (C7519) warpgroup.arrive is injected in around line 48284 by compiler to allow use of registers in GMMA in function '_Z13run_attentionILi512ELi32EEvPK13__nv_bfloat16S2_S2_PS0_PfS4_PKijjjjPKvj'
ptxas info    : (C7519) warpgroup.arrive is injected in around line 48317 by compiler to allow use of registers in GMMA in function '_Z13run_attentionILi512ELi32EEvPK13__nv_bfloat16S2_S2_PS0_PfS4_PKijjjjPKvj'
ptxas info    : (C7519) warpgroup.arrive is injected in around line 48350 by compiler to allow use of registers in GMMA in function '_Z13run_attentionILi512ELi32EEvPK13__nv_bfloat16S2_S2_PS0_PfS4_PKijjjjPKvj'
ptxas info    : (C7519) warpgroup.arrive is injected in around line 48360 by compiler to allow use of registers in GMMA in function '_Z13run_attentionILi512ELi32EEvPK13__nv_bfloat16S2_S2_PS0_PfS4_PKijjjjPKvj'
ptxas info    : (C7519) warpgroup.arrive is injected in around line 43556 by compiler to allow use of registers in GMMA in function '_Z13run_attentionILi512ELi32EEvPK13__nv_bfloat16S2_S2_PS0_PfS4_PKijjjjPKvj'
ptxas info    : (C7519) warpgroup.arrive is injected in around line 43589 by compiler to allow use of registers in GMMA in function '_Z13run_attentionILi512ELi32EEvPK13__nv_bfloat16S2_S2_PS0_PfS4_PKijjjjPKvj'
ptxas info    : (C7519) warpgroup.arrive is injected in around line 43622 by compiler to allow use of registers in GMMA in function '_Z13run_attentionILi512ELi32EEvPK13__nv_bfloat16S2_S2_PS0_PfS4_PKijjjjPKvj'
ptxas info    : (C7519) warpgroup.arrive is injected in around line 43655 by compiler to allow use of registers in GMMA in function '_Z13run_attentionILi512ELi32EEvPK13__nv_bfloat16S2_S2_PS0_PfS4_PKijjjjPKvj'
ptxas info    : (C7519) warpgroup.arrive is injected in around line 43666 by compiler to allow use of registers in GMMA in function '_Z13run_attentionILi512ELi32EEvPK13__nv_bfloat16S2_S2_PS0_PfS4_PKijjjjPKvj'
ptxas info    : (C7519) warpgroup.arrive is injected in around line 26213 by compiler to allow use of registers in GMMA in function '_Z13run_attentionILi512ELi16EEvPK13__nv_bfloat16S2_S2_PS0_PfS4_PKijjjjPKvj'
ptxas info    : (C7519) warpgroup.arrive is injected in around line 26258 by compiler to allow use of registers in GMMA in function '_Z13run_attentionILi512ELi16EEvPK13__nv_bfloat16S2_S2_PS0_PfS4_PKijjjjPKvj'
ptxas info    : (C7519) warpgroup.arrive is injected in around line 26303 by compiler to allow use of registers in GMMA in function '_Z13run_attentionILi512ELi16EEvPK13__nv_bfloat16S2_S2_PS0_PfS4_PKijjjjPKvj'
ptxas info    : (C7519) warpgroup.arrive is injected in around line 26348 by compiler to allow use of registers in GMMA in function '_Z13run_attentionILi512ELi16EEvPK13__nv_bfloat16S2_S2_PS0_PfS4_PKijjjjPKvj'
ptxas info    : (C7519) warpgroup.arrive is injected in around line 34227 by compiler to allow use of registers in GMMA in function '_Z13run_attentionILi512ELi16EEvPK13__nv_bfloat16S2_S2_PS0_PfS4_PKijjjjPKvj'
ptxas info    : (C7519) warpgroup.arrive is injected in around line 34272 by compiler to allow use of registers in GMMA in function '_Z13run_attentionILi512ELi16EEvPK13__nv_bfloat16S2_S2_PS0_PfS4_PKijjjjPKvj'
ptxas info    : (C7519) warpgroup.arrive is injected in around line 34317 by compiler to allow use of registers in GMMA in function '_Z13run_attentionILi512ELi16EEvPK13__nv_bfloat16S2_S2_PS0_PfS4_PKijjjjPKvj'
ptxas info    : (C7519) warpgroup.arrive is injected in around line 34362 by compiler to allow use of registers in GMMA in function '_Z13run_attentionILi512ELi16EEvPK13__nv_bfloat16S2_S2_PS0_PfS4_PKijjjjPKvj'
ptxas info    : (C7519) warpgroup.arrive is injected in around line 30229 by compiler to allow use of registers in GMMA in function '_Z13run_attentionILi512ELi16EEvPK13__nv_bfloat16S2_S2_PS0_PfS4_PKijjjjPKvj'
ptxas info    : (C7519) warpgroup.arrive is injected in around line 30274 by compiler to allow use of registers in GMMA in function '_Z13run_attentionILi512ELi16EEvPK13__nv_bfloat16S2_S2_PS0_PfS4_PKijjjjPKvj'
ptxas info    : (C7519) warpgroup.arrive is injected in around line 30319 by compiler to allow use of registers in GMMA in function '_Z13run_attentionILi512ELi16EEvPK13__nv_bfloat16S2_S2_PS0_PfS4_PKijjjjPKvj'
ptxas info    : (C7519) warpgroup.arrive is injected in around line 30364 by compiler to allow use of registers in GMMA in function '_Z13run_attentionILi512ELi16EEvPK13__nv_bfloat16S2_S2_PS0_PfS4_PKijjjjPKvj'
ptxas info    : (C7519) warpgroup.arrive is injected in around line 14404 by compiler to allow use of registers in GMMA in function '_Z13run_attentionILi256ELi64EEvPK13__nv_bfloat16S2_S2_PS0_PfS4_PKijjjjPKvj'
ptxas info    : (C7519) warpgroup.arrive is injected in around line 14436 by compiler to allow use of registers in GMMA in function '_Z13run_attentionILi256ELi64EEvPK13__nv_bfloat16S2_S2_PS0_PfS4_PKijjjjPKvj'
ptxas info    : (C7519) warpgroup.arrive is injected in around line 14445 by compiler to allow use of registers in GMMA in function '_Z13run_attentionILi256ELi64EEvPK13__nv_bfloat16S2_S2_PS0_PfS4_PKijjjjPKvj'
ptxas info    : (C7519) warpgroup.arrive is injected in around line 22693 by compiler to allow use of registers in GMMA in function '_Z13run_attentionILi256ELi64EEvPK13__nv_bfloat16S2_S2_PS0_PfS4_PKijjjjPKvj'
ptxas info    : (C7519) warpgroup.arrive is injected in around line 22725 by compiler to allow use of registers in GMMA in function '_Z13run_attentionILi256ELi64EEvPK13__nv_bfloat16S2_S2_PS0_PfS4_PKijjjjPKvj'
ptxas info    : (C7519) warpgroup.arrive is injected in around line 22734 by compiler to allow use of registers in GMMA in function '_Z13run_attentionILi256ELi64EEvPK13__nv_bfloat16S2_S2_PS0_PfS4_PKijjjjPKvj'
ptxas info    : (C7519) warpgroup.arrive is injected in around line 18487 by compiler to allow use of registers in GMMA in function '_Z13run_attentionILi256ELi64EEvPK13__nv_bfloat16S2_S2_PS0_PfS4_PKijjjjPKvj'
ptxas info    : (C7519) warpgroup.arrive is injected in around line 18519 by compiler to allow use of registers in GMMA in function '_Z13run_attentionILi256ELi64EEvPK13__nv_bfloat16S2_S2_PS0_PfS4_PKijjjjPKvj'
ptxas info    : (C7519) warpgroup.arrive is injected in around line 18528 by compiler to allow use of registers in GMMA in function '_Z13run_attentionILi256ELi64EEvPK13__nv_bfloat16S2_S2_PS0_PfS4_PKijjjjPKvj'
ptxas info    : (C7519) warpgroup.arrive is injected in around line 2971 by compiler to allow use of registers in GMMA in function '_Z13run_attentionILi256ELi32EEvPK13__nv_bfloat16S2_S2_PS0_PfS4_PKijjjjPKvj'
ptxas info    : (C7519) warpgroup.arrive is injected in around line 3004 by compiler to allow use of registers in GMMA in function '_Z13run_attentionILi256ELi32EEvPK13__nv_bfloat16S2_S2_PS0_PfS4_PKijjjjPKvj'
ptxas info    : (C7519) warpgroup.arrive is injected in around line 3014 by compiler to allow use of registers in GMMA in function '_Z13run_attentionILi256ELi32EEvPK13__nv_bfloat16S2_S2_PS0_PfS4_PKijjjjPKvj'
ptxas info    : (C7519) warpgroup.arrive is injected in around line 9960 by compiler to allow use of registers in GMMA in function '_Z13run_attentionILi256ELi32EEvPK13__nv_bfloat16S2_S2_PS0_PfS4_PKijjjjPKvj'
ptxas info    : (C7519) warpgroup.arrive is injected in around line 9993 by compiler to allow use of registers in GMMA in function '_Z13run_attentionILi256ELi32EEvPK13__nv_bfloat16S2_S2_PS0_PfS4_PKijjjjPKvj'
ptxas info    : (C7519) warpgroup.arrive is injected in around line 10003 by compiler to allow use of registers in GMMA in function '_Z13run_attentionILi256ELi32EEvPK13__nv_bfloat16S2_S2_PS0_PfS4_PKijjjjPKvj'
ptxas info    : (C7519) warpgroup.arrive is injected in around line 6509 by compiler to allow use of registers in GMMA in function '_Z13run_attentionILi256ELi32EEvPK13__nv_bfloat16S2_S2_PS0_PfS4_PKijjjjPKvj'
ptxas info    : (C7519) warpgroup.arrive is injected in around line 6542 by compiler to allow use of registers in GMMA in function '_Z13run_attentionILi256ELi32EEvPK13__nv_bfloat16S2_S2_PS0_PfS4_PKijjjjPKvj'
ptxas info    : (C7519) warpgroup.arrive is injected in around line 6552 by compiler to allow use of registers in GMMA in function '_Z13run_attentionILi256ELi32EEvPK13__nv_bfloat16S2_S2_PS0_PfS4_PKijjjjPKvj'
ptxas info    : 0 bytes gmem
ptxas info    : Compiling entry function '_Z13run_attentionILi512ELi64EEvPK13__nv_bfloat16S2_S2_PS0_PfS4_PKijjjjPKvj' for 'sm_90a'
ptxas info    : Function properties for _Z13run_attentionILi512ELi64EEvPK13__nv_bfloat16S2_S2_PS0_PfS4_PKijjjjPKvj
    0 bytes stack frame, 0 bytes spill stores, 0 bytes spill loads
ptxas info    : Used 249 registers, used 1 barriers, 16 bytes smem
ptxas info    : Compile time = 928.616 ms
ptxas info    : Compiling entry function '_Z13run_attentionILi512ELi32EEvPK13__nv_bfloat16S2_S2_PS0_PfS4_PKijjjjPKvj' for 'sm_90a'
ptxas info    : Function properties for _Z13run_attentionILi512ELi32EEvPK13__nv_bfloat16S2_S2_PS0_PfS4_PKijjjjPKvj
    0 bytes stack frame, 0 bytes spill stores, 0 bytes spill loads
ptxas info    : Used 221 registers, used 1 barriers, 16 bytes smem
ptxas info    : Compile time = 689.669 ms
ptxas info    : Compiling entry function '_Z13run_attentionILi512ELi16EEvPK13__nv_bfloat16S2_S2_PS0_PfS4_PKijjjjPKvj' for 'sm_90a'
ptxas info    : Function properties for _Z13run_attentionILi512ELi16EEvPK13__nv_bfloat16S2_S2_PS0_PfS4_PKijjjjPKvj
    0 bytes stack frame, 0 bytes spill stores, 0 bytes spill loads
ptxas info    : Used 196 registers, used 1 barriers, 16 bytes smem
ptxas info    : Compile time = 520.915 ms
ptxas info    : Compiling entry function '_Z13run_attentionILi256ELi64EEvPK13__nv_bfloat16S2_S2_PS0_PfS4_PKijjjjPKvj' for 'sm_90a'
ptxas info    : Function properties for _Z13run_attentionILi256ELi64EEvPK13__nv_bfloat16S2_S2_PS0_PfS4_PKijjjjPKvj
    0 bytes stack frame, 0 bytes spill stores, 0 bytes spill loads
ptxas info    : Used 159 registers, used 1 barriers, 16 bytes smem
ptxas info    : Compile time = 597.976 ms
ptxas info    : Compiling entry function '_Z13run_attentionILi256ELi32EEvPK13__nv_bfloat16S2_S2_PS0_PfS4_PKijjjjPKvj' for 'sm_90a'
ptxas info    : Function properties for _Z13run_attentionILi256ELi32EEvPK13__nv_bfloat16S2_S2_PS0_PfS4_PKijjjjPKvj
    0 bytes stack frame, 0 bytes spill stores, 0 bytes spill loads
ptxas info    : Used 122 registers, used 1 barriers, 16 bytes smem
ptxas info    : Compile time = 452.996 ms
