ptxas info    : (C7519) warpgroup.arrive is injected in around line 56573 by compiler to allow use of registers in GMMA in function '_Z13run_attentionILi512ELi16EEvPK13__nv_bfloat16S2_S2_PS0_PfS4_PKijjjjPKvj'
ptxas info    : (C7519) warpgroup.arrive is injected in around line 56618 by compiler to allow use of registers in GMMA in function '_Z13run_attentionILi512ELi16EEvPK13__nv_bfloat16S2_S2_PS0_PfS4_PKijjjjPKvj'
ptxas info    : (C7519) warpgroup.arrive is injected in around line 56663 by compiler to allow use of registers in GMMA in function '_Z13run_attentionILi512ELi16EEvPK13__nv_bfloat16S2_S2_PS0_PfS4_PKijjjjPKvj'
ptxas info    : (C7519) warpgroup.arrive is injected in around line 56708 by compiler to allow use of registers in GMMA in function '_Z13run_attentionILi512ELi16EEvPK13__nv_bfloat16S2_S2_PS0_PfS4_PKijjjjPKvj'
ptxas info    : (C7519) warpgroup.arrive is injected in around line 64587 by compiler to allow use of registers in GMMA in function '_Z13run_attentionILi512ELi16EEvPK13__nv_bfloat16S2_S2_PS0_PfS4_PKijjjjPKvj'
ptxas info    : (C7519) warpgroup.arrive is injected in around line 64632 by compiler to allow use of registers in GMMA in function '_Z13run_attentionILi512ELi16EEvPK13__nv_bfloat16S2_S2_PS0_PfS4_PKijjjjPKvj'
ptxas info    : (C7519) warpgroup.arrive is injected in around line 64677 by compiler to allow use of registers in GMMA in function '_Z13run_attentionILi512ELi16EEvPK13__nv_bfloat16S2_S2_PS0_PfS4_PKijjjjPKvj'
ptxas info    : (C7519) warpgroup.arrive is injected in around line 64722 by compiler to allow use of registers in GMMA in function '_Z13run_attentionILi512ELi16EEvPK13__nv_bfloat16S2_S2_PS0_PfS4_PKijjjjPKvj'
ptxas info    : (C7519) warpgroup.arrive is injected in around line 60589 by compiler to allow use of registers in GMMA in function '_Z13run_attentionILi512ELi16EEvPK13__nv_bfloat16S2_S2_PS0_PfS4_PKijjjjPKvj'
ptxas info    : (C7519) warpgroup.arrive is injected in around line 60634 by compiler to allow use of registers in GMMA in function '_Z13run_attentionILi512ELi16EEvPK13__nv_bfloat16S2_S2_PS0_PfS4_PKijjjjPKvj'
ptxas info    : (C7519) warpgroup.arrive is injected in around line 60679 by compiler to allow use of registers in GMMA in function '_Z13run_attentionILi512ELi16EEvPK13__nv_bfloat16S2_S2_PS0_PfS4_PKijjjjPKvj'
ptxas info    : (C7519) warpgroup.arrive is injected in around line 60724 by compiler to allow use of registers in GMMA in function '_Z13run_attentionILi512ELi16EEvPK13__nv_bfloat16S2_S2_PS0_PfS4_PKijjjjPKvj'
ptxas info    : (C7519) warpgroup.arrive is injected in around line 44764 by compiler to allow use of registers in GMMA in function '_Z13run_attentionILi256ELi64EEvPK13__nv_bfloat16S2_S2_PS0_PfS4_PKijjjjPKvj'
ptxas info    : (C7519) warpgroup.arrive is injected in around line 44796 by compiler to allow use of registers in GMMA in function '_Z13run_attentionILi256ELi64EEvPK13__nv_bfloat16S2_S2_PS0_PfS4_PKijjjjPKvj'
ptxas info    : (C7519) warpgroup.arrive is injected in around line 44805 by compiler to allow use of registers in GMMA in function '_Z13run_attentionILi256ELi64EEvPK13__nv_bfloat16S2_S2_PS0_PfS4_PKijjjjPKvj'
ptxas info    : (C7519) warpgroup.arrive is injected in around line 53053 by compiler to allow use of registers in GMMA in function '_Z13run_attentionILi256ELi64EEvPK13__nv_bfloat16S2_S2_PS0_PfS4_PKijjjjPKvj'
ptxas info    : (C7519) warpgroup.arrive is injected in around line 53085 by compiler to allow use of registers in GMMA in function '_Z13run_attentionILi256ELi64EEvPK13__nv_bfloat16S2_S2_PS0_PfS4_PKijjjjPKvj'
ptxas info    : (C7519) warpgroup.arrive is injected in around line 53094 by compiler to allow use of registers in GMMA in function '_Z13run_attentionILi256ELi64EEvPK13__nv_bfloat16S2_S2_PS0_PfS4_PKijjjjPKvj'
ptxas info    : (C7519) warpgroup.arrive is injected in around line 48847 by compiler to allow use of registers in GMMA in function '_Z13run_attentionILi256ELi64EEvPK13__nv_bfloat16S2_S2_PS0_PfS4_PKijjjjPKvj'
ptxas info    : (C7519) warpgroup.arrive is injected in around line 48879 by compiler to allow use of registers in GMMA in function '_Z13run_attentionILi256ELi64EEvPK13__nv_bfloat16S2_S2_PS0_PfS4_PKijjjjPKvj'
ptxas info    : (C7519) warpgroup.arrive is injected in around line 48888 by compiler to allow use of registers in GMMA in function '_Z13run_attentionILi256ELi64EEvPK13__nv_bfloat16S2_S2_PS0_PfS4_PKijjjjPKvj'
ptxas info    : (C7519) warpgroup.arrive is injected in around line 33331 by compiler to allow use of registers in GMMA in function '_Z13run_attentionILi256ELi32EEvPK13__nv_bfloat16S2_S2_PS0_PfS4_PKijjjjPKvj'
ptxas info    : (C7519) warpgroup.arrive is injected in around line 33364 by compiler to allow use of registers in GMMA in function '_Z13run_attentionILi256ELi32EEvPK13__nv_bfloat16S2_S2_PS0_PfS4_PKijjjjPKvj'
ptxas info    : (C7519) warpgroup.arrive is injected in around line 33374 by compiler to allow use of registers in GMMA in function '_Z13run_attentionILi256ELi32EEvPK13__nv_bfloat16S2_S2_PS0_PfS4_PKijjjjPKvj'
ptxas info    : (C7519) warpgroup.arrive is injected in around line 40320 by compiler to allow use of registers in GMMA in function '_Z13run_attentionILi256ELi32EEvPK13__nv_bfloat16S2_S2_PS0_PfS4_PKijjjjPKvj'
ptxas info    : (C7519) warpgroup.arrive is injected in around line 40353 by compiler to allow use of registers in GMMA in function '_Z13run_attentionILi256ELi32EEvPK13__nv_bfloat16S2_S2_PS0_PfS4_PKijjjjPKvj'
ptxas info    : (C7519) warpgroup.arrive is injected in around line 40363 by compiler to allow use of registers in GMMA in function '_Z13run_attentionILi256ELi32EEvPK13__nv_bfloat16S2_S2_PS0_PfS4_PKijjjjPKvj'
ptxas info    : (C7519) warpgroup.arrive is injected in around line 36869 by compiler to allow use of registers in GMMA in function '_Z13run_attentionILi256ELi32EEvPK13__nv_bfloat16S2_S2_PS0_PfS4_PKijjjjPKvj'
ptxas info    : (C7519) warpgroup.arrive is injected in around line 36902 by compiler to allow use of registers in GMMA in function '_Z13run_attentionILi256ELi32EEvPK13__nv_bfloat16S2_S2_PS0_PfS4_PKijjjjPKvj'
ptxas info    : (C7519) warpgroup.arrive is injected in around line 36912 by compiler to allow use of registers in GMMA in function '_Z13run_attentionILi256ELi32EEvPK13__nv_bfloat16S2_S2_PS0_PfS4_PKijjjjPKvj'
ptxas info    : (C7519) warpgroup.arrive is injected in around line 17620 by compiler to allow use of registers in GMMA in function '_Z13run_attentionILi512ELi64EEvPK13__nv_bfloat16S2_S2_PS0_PfS4_PKijjjjPKvj'
ptxas info    : (C7519) warpgroup.arrive is injected in around line 17699 by compiler to allow use of registers in GMMA in function '_Z13run_attentionILi512ELi64EEvPK13__nv_bfloat16S2_S2_PS0_PfS4_PKijjjjPKvj'
ptxas info    : (C7519) warpgroup.arrive is injected in around line 17763 by compiler to allow use of registers in GMMA in function '_Z13run_attentionILi512ELi64EEvPK13__nv_bfloat16S2_S2_PS0_PfS4_PKijjjjPKvj'
ptxas info    : (C7519) warpgroup.arrive is injected in around line 17827 by compiler to allow use of registers in GMMA in function '_Z13run_attentionILi512ELi64EEvPK13__nv_bfloat16S2_S2_PS0_PfS4_PKijjjjPKvj'
ptxas info    : (C7519) warpgroup.arrive is injected in around line 28225 by compiler to allow use of registers in GMMA in function '_Z13run_attentionILi512ELi64EEvPK13__nv_bfloat16S2_S2_PS0_PfS4_PKijjjjPKvj'
ptxas info    : (C7519) warpgroup.arrive is injected in around line 28304 by compiler to allow use of registers in GMMA in function '_Z13run_attentionILi512ELi64EEvPK13__nv_bfloat16S2_S2_PS0_PfS4_PKijjjjPKvj'
ptxas info    : (C7519) warpgroup.arrive is injected in around line 28368 by compiler to allow use of registers in GMMA in function '_Z13run_attentionILi512ELi64EEvPK13__nv_bfloat16S2_S2_PS0_PfS4_PKijjjjPKvj'
ptxas info    : (C7519) warpgroup.arrive is injected in around line 28432 by compiler to allow use of registers in GMMA in function '_Z13run_attentionILi512ELi64EEvPK13__nv_bfloat16S2_S2_PS0_PfS4_PKijjjjPKvj'
ptxas info    : (C7519) warpgroup.arrive is injected in around line 22887 by compiler to allow use of registers in GMMA in function '_Z13run_attentionILi512ELi64EEvPK13__nv_bfloat16S2_S2_PS0_PfS4_PKijjjjPKvj'
ptxas info    : (C7519) warpgroup.arrive is injected in around line 22966 by compiler to allow use of registers in GMMA in function '_Z13run_attentionILi512ELi64EEvPK13__nv_bfloat16S2_S2_PS0_PfS4_PKijjjjPKvj'
ptxas info    : (C7519) warpgroup.arrive is injected in around line 23030 by compiler to allow use of registers in GMMA in function '_Z13run_attentionILi512ELi64EEvPK13__nv_bfloat16S2_S2_PS0_PfS4_PKijjjjPKvj'
ptxas info    : (C7519) warpgroup.arrive is injected in around line 23094 by compiler to allow use of registers in GMMA in function '_Z13run_attentionILi512ELi64EEvPK13__nv_bfloat16S2_S2_PS0_PfS4_PKijjjjPKvj'
ptxas info    : (C7519) warpgroup.arrive is injected in around line 3522 by compiler to allow use of registers in GMMA in function '_Z13run_attentionILi512ELi32EEvPK13__nv_bfloat16S2_S2_PS0_PfS4_PKijjjjPKvj'
ptxas info    : (C7519) warpgroup.arrive is injected in around line 3555 by compiler to allow use of registers in GMMA in function '_Z13run_attentionILi512ELi32EEvPK13__nv_bfloat16S2_S2_PS0_PfS4_PKijjjjPKvj'
ptxas info    : (C7519) warpgroup.arrive is injected in around line 3588 by compiler to allow use of registers in GMMA in function '_Z13run_attentionILi512ELi32EEvPK13__nv_bfloat16S2_S2_PS0_PfS4_PKijjjjPKvj'
ptxas info    : (C7519) warpgroup.arrive is injected in around line 3621 by compiler to allow use of registers in GMMA in function '_Z13run_attentionILi512ELi32EEvPK13__nv_bfloat16S2_S2_PS0_PfS4_PKijjjjPKvj'
ptxas info    : (C7519) warpgroup.arrive is injected in around line 3631 by compiler to allow use of registers in GMMA in function '_Z13run_attentionILi512ELi32EEvPK13__nv_bfloat16S2_S2_PS0_PfS4_PKijjjjPKvj'
ptxas info    : (C7519) warpgroup.arrive is injected in around line 12551 by compiler to allow use of registers in GMMA in function '_Z13run_attentionILi512ELi32EEvPK13__nv_bfloat16S2_S2_PS0_PfS4_PKijjjjPKvj'
ptxas info    : (C7519) warpgroup.arrive is injected in around line 12584 by compiler to allow use of registers in GMMA in function '_Z13run_attentionILi512ELi32EEvPK13__nv_bfloat16S2_S2_PS0_PfS4_PKijjjjPKvj'
ptxas info    : (C7519) warpgroup.arrive is injected in around line 12617 by compiler to allow use of registers in GMMA in function '_Z13run_attentionILi512ELi32EEvPK13__nv_bfloat16S2_S2_PS0_PfS4_PKijjjjPKvj'
ptxas info    : (C7519) warpgroup.arrive is injected in around line 12650 by compiler to allow use of registers in GMMA in function '_Z13run_attentionILi512ELi32EEvPK13__nv_bfloat16S2_S2_PS0_PfS4_PKijjjjPKvj'
ptxas info    : (C7519) warpgroup.arrive is injected in around line 12660 by compiler to allow use of registers in GMMA in function '_Z13run_attentionILi512ELi32EEvPK13__nv_bfloat16S2_S2_PS0_PfS4_PKijjjjPKvj'
ptxas info    : (C7519) warpgroup.arrive is injected in around line 7856 by compiler to allow use of registers in GMMA in function '_Z13run_attentionILi512ELi32EEvPK13__nv_bfloat16S2_S2_PS0_PfS4_PKijjjjPKvj'
ptxas info    : (C7519) warpgroup.arrive is injected in around line 7889 by compiler to allow use of registers in GMMA in function '_Z13run_attentionILi512ELi32EEvPK13__nv_bfloat16S2_S2_PS0_PfS4_PKijjjjPKvj'
ptxas info    : (C7519) warpgroup.arrive is injected in around line 7922 by compiler to allow use of registers in GMMA in function '_Z13run_attentionILi512ELi32EEvPK13__nv_bfloat16S2_S2_PS0_PfS4_PKijjjjPKvj'
ptxas info    : (C7519) warpgroup.arrive is injected in around line 7955 by compiler to allow use of registers in GMMA in function '_Z13run_attentionILi512ELi32EEvPK13__nv_bfloat16S2_S2_PS0_PfS4_PKijjjjPKvj'
ptxas info    : (C7519) warpgroup.arrive is injected in around line 7966 by compiler to allow use of registers in GMMA in function '_Z13run_attentionILi512ELi32EEvPK13__nv_bfloat16S2_S2_PS0_PfS4_PKijjjjPKvj'
ptxas info    : 0 bytes gmem
ptxas info    : Compiling entry function '_Z13run_attentionILi512ELi16EEvPK13__nv_bfloat16S2_S2_PS0_PfS4_PKijjjjPKvj' for 'sm_90a'
ptxas info    : Function properties for _Z13run_attentionILi512ELi16EEvPK13__nv_bfloat16S2_S2_PS0_PfS4_PKijjjjPKvj
    0 bytes stack frame, 0 bytes spill stores, 0 bytes spill loads
ptxas info    : Used 196 registers, used 1 barriers, 16 bytes smem
ptxas info    : Compile time = 538.609 ms
ptxas info    : Compiling entry function '_Z13run_attentionILi256ELi64EEvPK13__nv_bfloat16S2_S2_PS0_PfS4_PKijjjjPKvj' for 'sm_90a'
ptxas info    : Function properties for _Z13run_attentionILi256ELi64EEvPK13__nv_bfloat16S2_S2_PS0_PfS4_PKijjjjPKvj
    0 bytes stack frame, 0 bytes spill stores, 0 bytes spill loads
ptxas info    : Used 159 registers, used 1 barriers, 16 bytes smem
ptxas info    : Compile time = 592.843 ms
ptxas info    : Compiling entry function '_Z13run_attentionILi256ELi32EEvPK13__nv_bfloat16S2_S2_PS0_PfS4_PKijjjjPKvj' for 'sm_90a'
ptxas info    : Function properties for _Z13run_attentionILi256ELi32EEvPK13__nv_bfloat16S2_S2_PS0_PfS4_PKijjjjPKvj
    0 bytes stack frame, 0 bytes spill stores, 0 bytes spill loads
ptxas info    : Used 122 registers, used 1 barriers, 16 bytes smem
ptxas info    : Compile time = 446.406 ms
ptxas info    : Compiling entry function '_Z13run_attentionILi512ELi64EEvPK13__nv_bfloat16S2_S2_PS0_PfS4_PKijjjjPKvj' for 'sm_90a'
ptxas info    : Function properties for _Z13run_attentionILi512ELi64EEvPK13__nv_bfloat16S2_S2_PS0_PfS4_PKijjjjPKvj
    0 bytes stack frame, 0 bytes spill stores, 0 bytes spill loads
ptxas info    : Used 255 registers, used 1 barriers, 16 bytes smem
ptxas info    : Compile time = 971.553 ms
ptxas info    : Compiling entry function '_Z13run_attentionILi512ELi32EEvPK13__nv_bfloat16S2_S2_PS0_PfS4_PKijjjjPKvj' for 'sm_90a'
ptxas info    : Function properties for _Z13run_attentionILi512ELi32EEvPK13__nv_bfloat16S2_S2_PS0_PfS4_PKijjjjPKvj
    0 bytes stack frame, 0 bytes spill stores, 0 bytes spill loads
ptxas info    : Used 221 registers, used 1 barriers, 16 bytes smem
ptxas info    : Compile time = 637.566 ms
