ptxas info    : 12 bytes gmem
ptxas info    : Compiling entry function 'plow_gemv_bf16_reduce' for 'sm_90a'
ptxas info    : Function properties for plow_gemv_bf16_reduce
    0 bytes stack frame, 0 bytes spill stores, 0 bytes spill loads
ptxas info    : Used 32 registers, used 0 barriers
ptxas info    : Compile time = 7.745 ms
ptxas info    : Compiling entry function 'plow_gemv_bf16_m32_bk256_s2' for 'sm_90a'
ptxas info    : Function properties for plow_gemv_bf16_m32_bk256_s2
    0 bytes stack frame, 0 bytes spill stores, 0 bytes spill loads
ptxas info    : Used 64 registers, used 1 barriers
ptxas info    : Compile time = 99.846 ms
ptxas info    : Compiling entry function 'plow_gemv_bf16_m32_bk128_s3' for 'sm_90a'
ptxas info    : Function properties for plow_gemv_bf16_m32_bk128_s3
    0 bytes stack frame, 0 bytes spill stores, 0 bytes spill loads
ptxas info    : Used 66 registers, used 1 barriers
ptxas info    : Compile time = 97.395 ms
ptxas info    : Compiling entry function 'plow_gemv_bf16_m16_bk256_s2' for 'sm_90a'
ptxas info    : Function properties for plow_gemv_bf16_m16_bk256_s2
    0 bytes stack frame, 0 bytes spill stores, 0 bytes spill loads
ptxas info    : Used 58 registers, used 1 barriers
ptxas info    : Compile time = 77.653 ms
ptxas info    : Compiling entry function 'plow_gemv_bf16_m16_bk128_s3' for 'sm_90a'
ptxas info    : Function properties for plow_gemv_bf16_m16_bk128_s3
    0 bytes stack frame, 0 bytes spill stores, 0 bytes spill loads
ptxas info    : Used 56 registers, used 1 barriers
ptxas info    : Compile time = 74.713 ms
ptxas info    : Compiling entry function 'plow_gemv_bf16_m8_bk256_s2' for 'sm_90a'
ptxas info    : Function properties for plow_gemv_bf16_m8_bk256_s2
    0 bytes stack frame, 0 bytes spill stores, 0 bytes spill loads
ptxas info    : Used 40 registers, used 1 barriers
ptxas info    : Compile time = 60.754 ms
ptxas info    : Compiling entry function 'plow_gemv_bf16_m8_bk128_s3' for 'sm_90a'
ptxas info    : Function properties for plow_gemv_bf16_m8_bk128_s3
    0 bytes stack frame, 0 bytes spill stores, 0 bytes spill loads
ptxas info    : Used 48 registers, used 1 barriers
ptxas info    : Compile time = 69.391 ms
