
running 1 test
candidate=false: checking 128-token prompts
candidate=false library=true phase=0 step=0 slots=[0] rung=32: full logits exact
candidate=false library=true phase=0 step=1 slots=[0] rung=32: full logits exact
candidate=false library=true phase=0 step=2 slots=[1] rung=32: full logits exact
candidate=false library=true phase=0 step=3 slots=[0, 3] rung=32: full logits exact
candidate=false library=true phase=0 step=4 slots=[7] rung=32: full logits exact
candidate=false library=true phase=0 step=5 slots=[0, 8] rung=32: full logits exact
candidate=false library=true phase=0 step=6 slots=[15] rung=32: full logits exact
candidate=false library=true phase=0 step=7 slots=[0, 1, 2, 3] rung=32: full logits exact
candidate=false library=true phase=0 step=8 slots=[2] rung=32: full logits exact
candidate=false library=true phase=0 step=9 slots=[7, 0] rung=32: full logits exact
candidate=false library=true phase=0 step=10 slots=[0] rung=32: full logits exact
candidate=false library=true phase=0 step=11 slots=[0, 1, 2, 3, 4, 5, 6, 7, 8, 9, 10, 11, 12, 13, 14, 15] rung=32: full logits exact
candidate=false library=true phase=0 step=12 slots=[31] rung=32: full logits exact
candidate=false library=true phase=0 step=13 slots=[0, 1, 2, 3, 4, 5, 6, 7, 8, 9, 10, 11, 12, 13, 14, 15, 16, 17, 18, 19, 20, 21, 22, 23, 24, 25, 26, 27, 28, 29, 30, 31] rung=32: full logits exact
candidate=false library=true phase=1 step=0 slots=[0] rung=32: full logits exact
candidate=false library=true phase=1 step=1 slots=[0] rung=32: full logits exact
candidate=false library=true phase=1 step=2 slots=[1] rung=32: full logits exact
candidate=false library=true phase=1 step=3 slots=[0, 3] rung=32: full logits exact
candidate=false library=true phase=1 step=4 slots=[7] rung=32: full logits exact
candidate=false library=true phase=1 step=5 slots=[0, 8] rung=32: full logits exact
candidate=false library=true phase=1 step=6 slots=[15] rung=32: full logits exact
candidate=false library=true phase=1 step=7 slots=[0, 1, 2, 3] rung=32: full logits exact
candidate=false library=true phase=1 step=8 slots=[2] rung=32: full logits exact
candidate=false library=true phase=1 step=9 slots=[7, 0] rung=32: full logits exact
candidate=false library=true phase=1 step=10 slots=[0] rung=32: full logits exact
candidate=false library=true phase=1 step=11 slots=[0, 1, 2, 3, 4, 5, 6, 7, 8, 9, 10, 11, 12, 13, 14, 15] rung=32: full logits exact
candidate=false library=true phase=1 step=12 slots=[31] rung=32: full logits exact
candidate=false library=true phase=1 step=13 slots=[0, 1, 2, 3, 4, 5, 6, 7, 8, 9, 10, 11, 12, 13, 14, 15, 16, 17, 18, 19, 20, 21, 22, 23, 24, 25, 26, 27, 28, 29, 30, 31] rung=32: full logits exact
candidate=false: 170 full-logit snapshots
candidate=true: checking 128-token prompts
candidate=true library=true phase=0 step=0 slots=[0] rung=1: full logits exact
candidate=true library=true phase=0 step=1 slots=[0] rung=1: full logits exact
candidate=true library=true phase=0 step=2 slots=[1] rung=2: full logits exact
candidate=true library=true phase=0 step=3 slots=[0, 3] rung=4: full logits exact
candidate=true library=true phase=0 step=4 slots=[7] rung=8: full logits exact
candidate=true library=true phase=0 step=5 slots=[0, 8] rung=16: full logits exact
candidate=true library=true phase=0 step=6 slots=[15] rung=16: full logits exact
candidate=true library=true phase=0 step=7 slots=[0, 1, 2, 3] rung=4: full logits exact
candidate=true library=true phase=0 step=8 slots=[2] rung=4: full logits exact
candidate=true library=true phase=0 step=9 slots=[7, 0] rung=8: full logits exact
candidate=true library=true phase=0 step=10 slots=[0] rung=1: full logits exact
candidate=true library=true phase=0 step=11 slots=[0, 1, 2, 3, 4, 5, 6, 7, 8, 9, 10, 11, 12, 13, 14, 15] rung=16: full logits exact
candidate=true library=true phase=0 step=12 slots=[31] rung=32: full logits exact
candidate=true library=true phase=0 step=13 slots=[0, 1, 2, 3, 4, 5, 6, 7, 8, 9, 10, 11, 12, 13, 14, 15, 16, 17, 18, 19, 20, 21, 22, 23, 24, 25, 26, 27, 28, 29, 30, 31] rung=32: full logits exact
candidate=true library=true phase=1 step=0 slots=[0] rung=1: full logits exact
candidate=true library=true phase=1 step=1 slots=[0] rung=1: full logits exact
candidate=true library=true phase=1 step=2 slots=[1] rung=2: full logits exact
candidate=true library=true phase=1 step=3 slots=[0, 3] rung=4: full logits exact
candidate=true library=true phase=1 step=4 slots=[7] rung=8: full logits exact
candidate=true library=true phase=1 step=5 slots=[0, 8] rung=16: full logits exact
candidate=true library=true phase=1 step=6 slots=[15] rung=16: full logits exact

thread 'exec::gpu::decode_rung_tests::gpu_cublaslt_rungs_match_widest_logits' (181621) panicked at crates/plowrt/src/exec/gpu/decode_rung_tests.rs:878:21:
phase=1 step=7 slot=3: logit 2 differs: 0x410a0000 vs 0x410c0000
note: run with `RUST_BACKTRACE=1` environment variable to display a backtrace
test exec::gpu::decode_rung_tests::gpu_cublaslt_rungs_match_widest_logits ... FAILED

failures:

failures:
    exec::gpu::decode_rung_tests::gpu_cublaslt_rungs_match_widest_logits

test result: FAILED. 0 passed; 1 failed; 0 ignored; 0 measured; 491 filtered out; finished in 41.18s

