["nvcc", "-std=c++17", "-arch=sm_90a", "-O3", "-cubin", "-Xptxas=-v", "-I", "runtime/common", "-I", "runtime/nvidia", "-DPLOW_FP8_KV=1", "-DPLOW_NV_GEMMA=1", "-DPLOW_NV_FA_GF=2", "-DPLOW_NV_EMBED_SMEM=1", "-DPLOW_NV_MLA=0", "-DPLOW_NV_MAMBA=0", "-DPLOW_NV_DSA=0", "-DPLOW_NV_GEMV_RB=1", "-DPLOW_MOE_DOWN_LANESPLIT=1", "-DPLOW_NV_FA_WPR=1", "-DPLOW_NV_FP8_RB=4", "-DPLOW_NV_PREFILL=1", "-DPLOW_NV_SEGMENTS=1", "-DPLOW_NV_PACKED_REQUEST=0", "-DPLOW_NV_TMA_GEMM=1", "-DPGM90_TMA_STAGES=3", "-DPLOW_NV_SEG_WS384=1", "-DPGM90_UNI_BN256=1", "-DPLOW_NV_SEG_GEMM=1", "-DPLOW_NV_GEMM_ONLY=1", "-DPGM90_WS384_PREFETCH=1", "-DPGM90_WS384_ISSUE_CURSOR=1", "-DPGM90_WS384_SMEPI=1", "-o", "plans/gemma4-12b-roofline/cubin-bf16-fp8kv-request/interp_sm90a_pfgemm.cubin", "runtime/nvidia/interp_sm90a.cu"]
runtime/nvidia/op_moe.cuh(1282): warning #177-D: label "down_scalar" was declared but never referenced
  down_scalar:
  ^

Remark: The warnings can be suppressed with "-diag-suppress <warning-number>"

ptxas info    : 80 bytes gmem
ptxas info    : Compiling entry function '_Z19interp_sm90a_pfgemm11PlowProgram' for 'sm_90a'
ptxas info    : Function properties for _Z19interp_sm90a_pfgemm11PlowProgram
    0 bytes stack frame, 0 bytes spill stores, 0 bytes spill loads
ptxas info    : Used 160 registers, used 16 barriers, 16 bytes smem
ptxas info    : Compile time = 374.991 ms
ptxas info    : Compiling entry function '_Z25plow_moe_slot_glu_fp8_blkP13__nv_bfloat16PKS_PKhPKyS6_jjjjj' for 'sm_90a'
ptxas info    : Function properties for _Z25plow_moe_slot_glu_fp8_blkP13__nv_bfloat16PKS_PKhPKyS6_jjjjj
    0 bytes stack frame, 0 bytes spill stores, 0 bytes spill loads
ptxas info    : Used 40 registers, used 0 barriers
ptxas info    : Compile time = 11.310 ms
ptxas info    : Compiling entry function '_Z27plow_moe_group_down_fp8_blkPfPK13__nv_bfloat16PKhPKyS6_jjjj' for 'sm_90a'
ptxas info    : Function properties for _Z27plow_moe_group_down_fp8_blkPfPK13__nv_bfloat16PKhPKyS6_jjjj
    0 bytes stack frame, 0 bytes spill stores, 0 bytes spill loads
ptxas info    : Used 46 registers, used 0 barriers
ptxas info    : Compile time = 8.259 ms
ptxas info    : Compiling entry function '_Z26plow_moe_group_glu_fp8_blkP13__nv_bfloat16PKS_PKhPKyS6_jjjjjj' for 'sm_90a'
ptxas info    : Function properties for _Z26plow_moe_group_glu_fp8_blkP13__nv_bfloat16PKS_PKhPKyS6_jjjjjj
    0 bytes stack frame, 0 bytes spill stores, 0 bytes spill loads
ptxas info    : Used 48 registers, used 0 barriers
ptxas info    : Compile time = 11.822 ms
