ptxas info    : (C7519) warpgroup.arrive is injected in around line 4306 by compiler to allow use of registers in GMMA in function '_Z23interp_sm90a_pfpackedfa11PlowProgram'
ptxas info    : (C7519) warpgroup.arrive is injected in around line 4315 by compiler to allow use of registers in GMMA in function '_Z23interp_sm90a_pfpackedfa11PlowProgram'
ptxas info    : (C7519) warpgroup.arrive is injected in around line 4988 by compiler to allow use of registers in GMMA in function '_Z23interp_sm90a_pfpackedfa11PlowProgram'
ptxas info    : (C7519) warpgroup.arrive is injected in around line 5021 by compiler to allow use of registers in GMMA in function '_Z23interp_sm90a_pfpackedfa11PlowProgram'
ptxas info    : (C7519) warpgroup.arrive is injected in around line 5031 by compiler to allow use of registers in GMMA in function '_Z23interp_sm90a_pfpackedfa11PlowProgram'
ptxas info    : (C7519) warpgroup.arrive is injected in around line 22990 by compiler to allow use of registers in GMMA in function '_Z23interp_sm90a_pfpackedfa11PlowProgram'
ptxas info    : (C7519) warpgroup.arrive is injected in around line 22999 by compiler to allow use of registers in GMMA in function '_Z23interp_sm90a_pfpackedfa11PlowProgram'
ptxas info    : (C7519) warpgroup.arrive is injected in around line 23672 by compiler to allow use of registers in GMMA in function '_Z23interp_sm90a_pfpackedfa11PlowProgram'
ptxas info    : (C7519) warpgroup.arrive is injected in around line 23705 by compiler to allow use of registers in GMMA in function '_Z23interp_sm90a_pfpackedfa11PlowProgram'
ptxas info    : (C7519) warpgroup.arrive is injected in around line 23715 by compiler to allow use of registers in GMMA in function '_Z23interp_sm90a_pfpackedfa11PlowProgram'
ptxas info    : (C7519) warpgroup.arrive is injected in around line 18075 by compiler to allow use of registers in GMMA in function '_Z23interp_sm90a_pfpackedfa11PlowProgram'
ptxas info    : (C7519) warpgroup.arrive is injected in around line 18084 by compiler to allow use of registers in GMMA in function '_Z23interp_sm90a_pfpackedfa11PlowProgram'
ptxas info    : (C7519) warpgroup.arrive is injected in around line 18925 by compiler to allow use of registers in GMMA in function '_Z23interp_sm90a_pfpackedfa11PlowProgram'
ptxas info    : (C7519) warpgroup.arrive is injected in around line 18961 by compiler to allow use of registers in GMMA in function '_Z23interp_sm90a_pfpackedfa11PlowProgram'
ptxas info    : (C7519) warpgroup.arrive is injected in around line 18997 by compiler to allow use of registers in GMMA in function '_Z23interp_sm90a_pfpackedfa11PlowProgram'
ptxas info    : (C7519) warpgroup.arrive is injected in around line 19033 by compiler to allow use of registers in GMMA in function '_Z23interp_sm90a_pfpackedfa11PlowProgram'
ptxas info    : (C7519) warpgroup.arrive is injected in around line 19044 by compiler to allow use of registers in GMMA in function '_Z23interp_sm90a_pfpackedfa11PlowProgram'
ptxas info    : (C7511) Potential Performance Loss: wgmma.mma_async instructions are serialized due to insufficient register resources for the wgmma pipeline in the function '_Z23interp_sm90a_pfpackedfa11PlowProgram'
ptxas info    : 80 bytes gmem
ptxas info    : Compiling entry function '_Z23interp_sm90a_pfpackedfa11PlowProgram' for 'sm_90a'
ptxas info    : Function properties for _Z23interp_sm90a_pfpackedfa11PlowProgram
    448 bytes stack frame, 564 bytes spill stores, 1396 bytes spill loads
ptxas info    : Used 255 registers, used 1 barriers, 448 bytes cumulative stack size, 32 bytes smem
ptxas info    : Compile time = 2505.136 ms
ptxas info    : Compiling entry function '_Z25plow_moe_slot_glu_fp8_blkP13__nv_bfloat16PKS_PKhPKyS6_jjjjj' for 'sm_90a'
ptxas info    : Function properties for _Z25plow_moe_slot_glu_fp8_blkP13__nv_bfloat16PKS_PKhPKyS6_jjjjj
    0 bytes stack frame, 0 bytes spill stores, 0 bytes spill loads
ptxas info    : Used 40 registers, used 0 barriers
ptxas info    : Compile time = 12.096 ms
ptxas info    : Compiling entry function '_Z27plow_moe_group_down_fp8_blkPfPK13__nv_bfloat16PKhPKyS6_jjjj' for 'sm_90a'
ptxas info    : Function properties for _Z27plow_moe_group_down_fp8_blkPfPK13__nv_bfloat16PKhPKyS6_jjjj
    0 bytes stack frame, 0 bytes spill stores, 0 bytes spill loads
ptxas info    : Used 46 registers, used 0 barriers
ptxas info    : Compile time = 8.478 ms
ptxas info    : Compiling entry function '_Z26plow_moe_group_glu_fp8_blkP13__nv_bfloat16PKS_PKhPKyS6_jjjjjj' for 'sm_90a'
ptxas info    : Function properties for _Z26plow_moe_group_glu_fp8_blkP13__nv_bfloat16PKS_PKhPKyS6_jjjjjj
    0 bytes stack frame, 0 bytes spill stores, 0 bytes spill loads
ptxas info    : Used 48 registers, used 0 barriers
ptxas info    : Compile time = 12.549 ms
