ptxas info    : 8 bytes gmem
ptxas info    : Compiling entry function 'plow_gemv_bf16_reduce' for 'sm_90a'
ptxas info    : Function properties for plow_gemv_bf16_reduce
    0 bytes stack frame, 0 bytes spill stores, 0 bytes spill loads
ptxas info    : Used 32 registers, used 0 barriers
ptxas info    : Compile time = 7.583 ms
ptxas info    : Compiling entry function 'plow_gemv_bf16_m16_bk256_s2' for 'sm_90a'
ptxas info    : Function properties for plow_gemv_bf16_m16_bk256_s2
    0 bytes stack frame, 0 bytes spill stores, 0 bytes spill loads
ptxas info    : Used 58 registers, used 1 barriers
ptxas info    : Compile time = 80.139 ms
ptxas info    : Compiling entry function 'plow_gemv_bf16_m16_bk128_s3' for 'sm_90a'
ptxas info    : Function properties for plow_gemv_bf16_m16_bk128_s3
    0 bytes stack frame, 0 bytes spill stores, 0 bytes spill loads
ptxas info    : Used 56 registers, used 1 barriers
ptxas info    : Compile time = 75.449 ms
ptxas info    : Compiling entry function 'plow_gemv_bf16_m8_bk256_s2' for 'sm_90a'
ptxas info    : Function properties for plow_gemv_bf16_m8_bk256_s2
    0 bytes stack frame, 0 bytes spill stores, 0 bytes spill loads
ptxas info    : Used 40 registers, used 1 barriers
ptxas info    : Compile time = 62.811 ms
ptxas info    : Compiling entry function 'plow_gemv_bf16_m8_bk128_s3' for 'sm_90a'
ptxas info    : Function properties for plow_gemv_bf16_m8_bk128_s3
    0 bytes stack frame, 0 bytes spill stores, 0 bytes spill loads
ptxas info    : Used 48 registers, used 1 barriers
ptxas info    : Compile time = 70.576 ms
