
running 1 test
test exec::gpu::decode_rung_tests::gpu_cublaslt_rungs_match_widest_logits ... candidate=false: checking 16384-token prompts
candidate=false library=true phase=0 step=0 slots=[0] rung=16: full logits exact
candidate=false library=true phase=0 step=1 slots=[0] rung=16: full logits exact
candidate=false library=true phase=0 step=2 slots=[1] rung=16: full logits exact
candidate=false library=true phase=0 step=3 slots=[0, 3] rung=16: full logits exact
candidate=false library=true phase=0 step=4 slots=[7] rung=16: full logits exact
candidate=false library=true phase=0 step=5 slots=[0, 8] rung=16: full logits exact
candidate=false library=true phase=0 step=6 slots=[15] rung=16: full logits exact
candidate=false library=true phase=0 step=7 slots=[0, 1, 2, 3] rung=16: full logits exact
candidate=false library=true phase=0 step=8 slots=[2] rung=16: full logits exact
candidate=false library=true phase=0 step=9 slots=[7, 0] rung=16: full logits exact
candidate=false library=true phase=0 step=10 slots=[0] rung=16: full logits exact
candidate=false library=true phase=0 step=11 slots=[0, 1, 2, 3, 4, 5, 6, 7, 8, 9, 10, 11, 12, 13, 14, 15] rung=16: full logits exact
candidate=false library=true phase=0 step=12 slots=[15] rung=16: full logits exact
candidate=false library=true phase=0 step=13 slots=[0, 1, 2, 3, 4, 5, 6, 7, 8, 9, 10, 11, 12, 13, 14, 15] rung=16: full logits exact
candidate=false library=true phase=1 step=0 slots=[0] rung=16: full logits exact
candidate=false library=true phase=1 step=1 slots=[0] rung=16: full logits exact
candidate=false library=true phase=1 step=2 slots=[1] rung=16: full logits exact
candidate=false library=true phase=1 step=3 slots=[0, 3] rung=16: full logits exact
candidate=false library=true phase=1 step=4 slots=[7] rung=16: full logits exact
candidate=false library=true phase=1 step=5 slots=[0, 8] rung=16: full logits exact
candidate=false library=true phase=1 step=6 slots=[15] rung=16: full logits exact
candidate=false library=true phase=1 step=7 slots=[0, 1, 2, 3] rung=16: full logits exact
candidate=false library=true phase=1 step=8 slots=[2] rung=16: full logits exact
candidate=false library=true phase=1 step=9 slots=[7, 0] rung=16: full logits exact
candidate=false library=true phase=1 step=10 slots=[0] rung=16: full logits exact
candidate=false library=true phase=1 step=11 slots=[0, 1, 2, 3, 4, 5, 6, 7, 8, 9, 10, 11, 12, 13, 14, 15] rung=16: full logits exact
candidate=false library=true phase=1 step=12 slots=[15] rung=16: full logits exact
candidate=false library=true phase=1 step=13 slots=[0, 1, 2, 3, 4, 5, 6, 7, 8, 9, 10, 11, 12, 13, 14, 15] rung=16: full logits exact
candidate=false: 122 full-logit snapshots
candidate=true: checking 16384-token prompts
candidate=true library=true phase=0 step=0 slots=[0] rung=1: full logits exact
candidate=true library=true phase=0 step=1 slots=[0] rung=1: full logits exact
candidate=true library=true phase=0 step=2 slots=[1] rung=2: full logits exact
candidate=true library=true phase=0 step=3 slots=[0, 3] rung=4: full logits exact
candidate=true library=true phase=0 step=4 slots=[7] rung=8: full logits exact
candidate=true library=true phase=0 step=5 slots=[0, 8] rung=16: full logits exact
candidate=true library=true phase=0 step=6 slots=[15] rung=16: full logits exact
candidate=true library=true phase=0 step=7 slots=[0, 1, 2, 3] rung=4: full logits exact
candidate=true library=true phase=0 step=8 slots=[2] rung=4: full logits exact
candidate=true library=true phase=0 step=9 slots=[7, 0] rung=8: full logits exact
candidate=true library=true phase=0 step=10 slots=[0] rung=1: full logits exact
candidate=true library=true phase=0 step=11 slots=[0, 1, 2, 3, 4, 5, 6, 7, 8, 9, 10, 11, 12, 13, 14, 15] rung=16: full logits exact
candidate=true library=true phase=0 step=12 slots=[15] rung=16: full logits exact
candidate=true library=true phase=0 step=13 slots=[0, 1, 2, 3, 4, 5, 6, 7, 8, 9, 10, 11, 12, 13, 14, 15] rung=16: full logits exact
candidate=true library=true phase=1 step=0 slots=[0] rung=1: full logits exact
candidate=true library=true phase=1 step=1 slots=[0] rung=1: full logits exact
candidate=true library=true phase=1 step=2 slots=[1] rung=2: full logits exact
candidate=true library=true phase=1 step=3 slots=[0, 3] rung=4: full logits exact
candidate=true library=true phase=1 step=4 slots=[7] rung=8: full logits exact
candidate=true library=true phase=1 step=5 slots=[0, 8] rung=16: full logits exact
candidate=true library=true phase=1 step=6 slots=[15] rung=16: full logits exact
candidate=true library=true phase=1 step=7 slots=[0, 1, 2, 3] rung=4: full logits exact
candidate=true library=true phase=1 step=8 slots=[2] rung=4: full logits exact
candidate=true library=true phase=1 step=9 slots=[7, 0] rung=8: full logits exact
candidate=true library=true phase=1 step=10 slots=[0] rung=1: full logits exact
candidate=true library=true phase=1 step=11 slots=[0, 1, 2, 3, 4, 5, 6, 7, 8, 9, 10, 11, 12, 13, 14, 15] rung=16: full logits exact
candidate=true library=true phase=1 step=12 slots=[15] rung=16: full logits exact
candidate=true library=true phase=1 step=13 slots=[0, 1, 2, 3, 4, 5, 6, 7, 8, 9, 10, 11, 12, 13, 14, 15] rung=16: full logits exact
candidate=true: 122 full-logit snapshots
ok

test result: ok. 1 passed; 0 failed; 0 ignored; 0 measured; 490 filtered out; finished in 67.92s
