runtime/nvidia/op_norm.cuh(808): warning #128-D: loop is not reachable
          for (unsigned e = 0; e < E; e++) {
          ^
          detected during:
            instantiation of "void d_headnorm_rope<HD,INTERLEAVE>(__nv_bfloat16 *, const __nv_bfloat16 *, const __nv_bfloat16 *, const float *, const float *, const int *, unsigned int, unsigned int, float, unsigned int, unsigned int, unsigned int, unsigned int, unsigned int, unsigned int, unsigned int, const int *) [with HD=256, INTERLEAVE=false]" at line 32 of runtime/tests/packed_kv_padding_sm90.cu
            instantiation of "void write_rows<HD>(bf16 *, const bf16 *, const bf16 *, const float *, const float *, const int *, const int *, unsigned int, unsigned int, unsigned int) [with HD=256]" at line 53 of runtime/tests/packed_kv_padding_sm90.cu
            instantiation of "void check<HD>(unsigned int, unsigned int) [with HD=256]" at line 136 of runtime/tests/packed_kv_padding_sm90.cu

Remark: The warnings can be suppressed with "-diag-suppress <warning-number>"

runtime/nvidia/op_norm.cuh(808): warning #128-D: loop is not reachable
          for (unsigned e = 0; e < E; e++) {
          ^
          detected during:
            instantiation of "void d_headnorm_rope<HD,INTERLEAVE>(__nv_bfloat16 *, const __nv_bfloat16 *, const __nv_bfloat16 *, const float *, const float *, const int *, unsigned int, unsigned int, float, unsigned int, unsigned int, unsigned int, unsigned int, unsigned int, unsigned int, unsigned int, const int *) [with HD=512, INTERLEAVE=false]" at line 32 of runtime/tests/packed_kv_padding_sm90.cu
            instantiation of "void write_rows<HD>(bf16 *, const bf16 *, const bf16 *, const float *, const float *, const int *, const int *, unsigned int, unsigned int, unsigned int) [with HD=512]" at line 53 of runtime/tests/packed_kv_padding_sm90.cu
            instantiation of "void check<HD>(unsigned int, unsigned int) [with HD=512]" at line 137 of runtime/tests/packed_kv_padding_sm90.cu

runtime/nvidia/op_norm.cuh(992): warning #128-D: loop is not reachable
          for (unsigned e = 0; e < E; e++) {
          ^
          detected during:
            instantiation of "void d_headnorm_rope_fp8<HD,INTERLEAVE>(uint8_t *, float *, const __nv_bfloat16 *, const __nv_bfloat16 *, const float *, const float *, const int *, unsigned int, unsigned int, float, unsigned int, unsigned int, unsigned int, unsigned int, unsigned int, unsigned int, unsigned int, const int *) [with HD=256, INTERLEAVE=false]" at line 83 of runtime/tests/packed_kv_padding_sm90.cu
            instantiation of "void write_fp8_rows<HD>(uint8_t *, float *, const bf16 *, const bf16 *, const float *, const float *, const int *, const int *, unsigned int, unsigned int, unsigned int) [with HD=256]" at line 105 of runtime/tests/packed_kv_padding_sm90.cu
            instantiation of "void check_fp8<HD>(unsigned int, unsigned int) [with HD=256]" at line 138 of runtime/tests/packed_kv_padding_sm90.cu

runtime/nvidia/op_norm.cuh(992): warning #128-D: loop is not reachable
          for (unsigned e = 0; e < E; e++) {
          ^
          detected during:
            instantiation of "void d_headnorm_rope_fp8<HD,INTERLEAVE>(uint8_t *, float *, const __nv_bfloat16 *, const __nv_bfloat16 *, const float *, const float *, const int *, unsigned int, unsigned int, float, unsigned int, unsigned int, unsigned int, unsigned int, unsigned int, unsigned int, unsigned int, const int *) [with HD=512, INTERLEAVE=false]" at line 83 of runtime/tests/packed_kv_padding_sm90.cu
            instantiation of "void write_fp8_rows<HD>(uint8_t *, float *, const bf16 *, const bf16 *, const float *, const float *, const int *, const int *, unsigned int, unsigned int, unsigned int) [with HD=512]" at line 105 of runtime/tests/packed_kv_padding_sm90.cu
            instantiation of "void check_fp8<HD>(unsigned int, unsigned int) [with HD=512]" at line 139 of runtime/tests/packed_kv_padding_sm90.cu

runtime/nvidia/op_norm.cuh(808): warning #128-D: loop is not reachable
          for (unsigned e = 0; e < E; e++) {
          ^
          detected during:
            instantiation of "void d_headnorm_rope<HD,INTERLEAVE>(__nv_bfloat16 *, const __nv_bfloat16 *, const __nv_bfloat16 *, const float *, const float *, const int *, unsigned int, unsigned int, float, unsigned int, unsigned int, unsigned int, unsigned int, unsigned int, unsigned int, unsigned int, const int *) [with HD=256, INTERLEAVE=false]" at line 32 of runtime/tests/packed_kv_padding_sm90.cu
            instantiation of "void write_rows<HD>(bf16 *, const bf16 *, const bf16 *, const float *, const float *, const int *, const int *, unsigned int, unsigned int, unsigned int) [with HD=256]" at line 53 of runtime/tests/packed_kv_padding_sm90.cu
            instantiation of "void check<HD>(unsigned int, unsigned int) [with HD=256]" at line 136 of runtime/tests/packed_kv_padding_sm90.cu

Remark: The warnings can be suppressed with "-diag-suppress <warning-number>"

runtime/nvidia/op_norm.cuh(808): warning #128-D: loop is not reachable
          for (unsigned e = 0; e < E; e++) {
          ^
          detected during:
            instantiation of "void d_headnorm_rope<HD,INTERLEAVE>(__nv_bfloat16 *, const __nv_bfloat16 *, const __nv_bfloat16 *, const float *, const float *, const int *, unsigned int, unsigned int, float, unsigned int, unsigned int, unsigned int, unsigned int, unsigned int, unsigned int, unsigned int, const int *) [with HD=512, INTERLEAVE=false]" at line 32 of runtime/tests/packed_kv_padding_sm90.cu
            instantiation of "void write_rows<HD>(bf16 *, const bf16 *, const bf16 *, const float *, const float *, const int *, const int *, unsigned int, unsigned int, unsigned int) [with HD=512]" at line 53 of runtime/tests/packed_kv_padding_sm90.cu
            instantiation of "void check<HD>(unsigned int, unsigned int) [with HD=512]" at line 137 of runtime/tests/packed_kv_padding_sm90.cu

runtime/nvidia/op_norm.cuh(992): warning #128-D: loop is not reachable
          for (unsigned e = 0; e < E; e++) {
          ^
          detected during:
            instantiation of "void d_headnorm_rope_fp8<HD,INTERLEAVE>(uint8_t *, float *, const __nv_bfloat16 *, const __nv_bfloat16 *, const float *, const float *, const int *, unsigned int, unsigned int, float, unsigned int, unsigned int, unsigned int, unsigned int, unsigned int, unsigned int, unsigned int, const int *) [with HD=256, INTERLEAVE=false]" at line 83 of runtime/tests/packed_kv_padding_sm90.cu
            instantiation of "void write_fp8_rows<HD>(uint8_t *, float *, const bf16 *, const bf16 *, const float *, const float *, const int *, const int *, unsigned int, unsigned int, unsigned int) [with HD=256]" at line 105 of runtime/tests/packed_kv_padding_sm90.cu
            instantiation of "void check_fp8<HD>(unsigned int, unsigned int) [with HD=256]" at line 138 of runtime/tests/packed_kv_padding_sm90.cu

runtime/nvidia/op_norm.cuh(992): warning #128-D: loop is not reachable
          for (unsigned e = 0; e < E; e++) {
          ^
          detected during:
            instantiation of "void d_headnorm_rope_fp8<HD,INTERLEAVE>(uint8_t *, float *, const __nv_bfloat16 *, const __nv_bfloat16 *, const float *, const float *, const int *, unsigned int, unsigned int, float, unsigned int, unsigned int, unsigned int, unsigned int, unsigned int, unsigned int, unsigned int, const int *) [with HD=512, INTERLEAVE=false]" at line 83 of runtime/tests/packed_kv_padding_sm90.cu
            instantiation of "void write_fp8_rows<HD>(uint8_t *, float *, const bf16 *, const bf16 *, const float *, const float *, const int *, const int *, unsigned int, unsigned int, unsigned int) [with HD=512]" at line 105 of runtime/tests/packed_kv_padding_sm90.cu
            instantiation of "void check_fp8<HD>(unsigned int, unsigned int) [with HD=512]" at line 139 of runtime/tests/packed_kv_padding_sm90.cu
