2026-09-11T00:51:37.060331Z  INFO plowc invoked source=--hf-dir plans/gemma4-12b-roofline/checkpoint gpu=h100 num_gpus=1 batch=[1, 4, 8] seq=[512, 2048, 8192] phase=Both emit=Devblob preset=None parallel=Tp page_kib=16 weight_dtype=auto
2026-09-11T00:51:37.060379Z  INFO devblob emit started gpu=h100
2026-09-11T00:51:37.061713Z  WARN lean gates skipped — this blob is NOT verified (build.json: lean.verified=false) reason="no `plow_verify` binary (set PLOW_VERIFY_BIN, or `lake build` in lean-plow/)"
warning: cannot probe gfx950 kernel inventory (cannot run hipcc: an inventory is derived from a built object, so probing needs the toolchain that builds it); using analytical fallback (known tile constants)
  counter granularity: 0 fine edges kept, 336 downgraded to coarse (homogeneous region — see Plow/CounterGranularity.lean:collapse)
  counter granularity: 0 fine edges kept, 336 downgraded to coarse (homogeneous region — see Plow/CounterGranularity.lean:collapse)
  counter granularity: 0 fine edges kept, 336 downgraded to coarse (homogeneous region — see Plow/CounterGranularity.lean:collapse)
  counter granularity: 0 fine edges kept, 336 downgraded to coarse (homogeneous region — see Plow/CounterGranularity.lean:collapse)
  counter granularity: 0 fine edges kept, 336 downgraded to coarse (homogeneous region — see Plow/CounterGranularity.lean:collapse)
  counter granularity: 0 fine edges kept, 336 downgraded to coarse (homogeneous region — see Plow/CounterGranularity.lean:collapse)
  WARNING: dispatch audit findings (build.json: dispatch_audit.findings). These cost throughput, not correctness — the blob is written and is right.
  occupancy: Gemm 128x3840x15360 @t128 fills 11.4% of its dispatch — 15 tile(s) over 132 CU(s) in 1 round(s), ~4985 MiB moved at that fill.
  occupancy: Gemm 512x3840x15360 @t512 fills 22.7% of its dispatch — 30 tile(s) over 132 CU(s) in 1 round(s), ~4868 MiB moved at that fill.
  occupancy: Gemm 1024x3840x15360 @t1024 fills 45.5% of its dispatch — 60 tile(s) over 132 CU(s) in 1 round(s), ~3927 MiB moved at that fill.
  occupancy: Gemm 512x3840x4096 @t512 fills 22.7% of its dispatch — 30 tile(s) over 132 CU(s) in 1 round(s), ~1166 MiB moved at that fill.
  occupancy: Gemm 128x3840x4096 @t128 fills 11.4% of its dispatch — 15 tile(s) over 132 CU(s) in 1 round(s), ~1132 MiB moved at that fill.
  occupancy: Gemm 128x2048x3840 @t128 fills 24.2% of its dispatch — 8 tile(s) over 33 CU(s) in 1 round(s), ~996 MiB moved at that fill.
  occupancy: Gemm 1024x3840x4096 @t1024 fills 45.5% of its dispatch — 60 tile(s) over 132 CU(s) in 1 round(s), ~992 MiB moved at that fill.
  occupancy: Gemm 128x4096x3840 @t128 fills 24.2% of its dispatch — 16 tile(s) over 66 CU(s) in 1 round(s), ~967 MiB moved at that fill.
  ... and 8 more (see build.json dispatch_audit.findings).
  Retune the floor with PLOW_AUDIT_OCC_FLOOR / PLOW_AUDIT_GEMV_WASTE_MAX, or set PLOW_AUDIT_STRICT=1 to make findings fatal.
  compile config -> plans/gemma4-12b-roofline/bf16-b32-request2048/plow_config.h
  build manifest -> plans/gemma4-12b-roofline/bf16-b32-request2048/build.json
gemma4: 48 layers (8 full)  hidden=3840 inter=15360  heads=16  hd=256/512  kvh=8/1  vocab=262144
  max_ctx=20480  prefill buckets [128, 512, 1024, 2048, 4096, 8192] + decode
  layer_scalar[0..4] = [0.052978516, 0.16601563, 0.25585938, 0.515625]
    prog 0 (T= 128):   766 packets,  120265 workgroup-packets
    prog 1 (T= 512):   766 packets,  146649 workgroup-packets
    prog 2 (T=1024):   766 packets,  146649 workgroup-packets
    prog 3 (T=2048):   766 packets,  146649 workgroup-packets
    prog 4 (T=4096):   766 packets,  146649 workgroup-packets
    prog 5 (T=8192):   766 packets,  146649 workgroup-packets
    prog 6 (T=   1):   718 packets,   33287 workgroup-packets
    prog 7 (T=   2):   718 packets,   34697 workgroup-packets
    prog 8 (T=   4):   718 packets,   37345 workgroup-packets
    prog 9 (T=   8):   718 packets,   42681 workgroup-packets
    prog 10 (T=  16):   718 packets,   47401 workgroup-packets
    prog 11 (T=  32):   718 packets,   56457 workgroup-packets
  weights 22.2 GiB   KV cache 50.00 GiB   activations 1.64 GiB   -> plans/gemma4-12b-roofline/bf16-b32-request2048/model.pkt
2026-09-11T00:51:39.376331Z  INFO devblob written slug=checkpoint n_cu=132 tp=1 bundle=true out=plans/gemma4-12b-roofline/bf16-b32-request2048/model.pkt
2026-09-11T00:51:39.376346Z  INFO devblob emit completed out=plans/gemma4-12b-roofline/bf16-b32-request2048/model.pkt
