runtime/nvidia/experiments/w8a16_prefill_staging_probe.cu(47): warning #3357-D: capturing structured bindings is a C++20 feature
              auto launch = [&] { gemm<<<132,256,smem>>>(dc,da,db,ds,m,n,k); do { auto e = (cudaGetLastError()); if (e != cudaSuccess) { fprintf(
                                                                       ^

Remark: The warnings can be suppressed with "-diag-suppress <warning-number>"

runtime/nvidia/experiments/w8a16_prefill_staging_probe.cu(47): warning #3357-D: capturing structured bindings is a C++20 feature
              auto launch = [&] { gemm<<<132,256,smem>>>(dc,da,db,ds,m,n,k); do { auto e = (cudaGetLastError()); if (e != cudaSuccess) { fprintf(
                                                                         ^

runtime/nvidia/experiments/w8a16_prefill_staging_probe.cu(47): warning #3357-D: capturing structured bindings is a C++20 feature
              auto launch = [&] { gemm<<<132,256,smem>>>(dc,da,db,ds,m,n,k); do { auto e = (cudaGetLastError()); if (e != cudaSuccess) { fprintf(
                                                                       ^

Remark: The warnings can be suppressed with "-diag-suppress <warning-number>"

runtime/nvidia/experiments/w8a16_prefill_staging_probe.cu(47): warning #3357-D: capturing structured bindings is a C++20 feature
              auto launch = [&] { gemm<<<132,256,smem>>>(dc,da,db,ds,m,n,k); do { auto e = (cudaGetLastError()); if (e != cudaSuccess) { fprintf(
                                                                         ^

ptxas /tmp/tmpxft_00038c87_00000000-7_w8a16_prefill_staging_probe.compute_90.ptx, line 2575; error   : Instruction 'wgmma.fence' not supported on .target 'sm_90'
ptxas /tmp/tmpxft_00038c87_00000000-7_w8a16_prefill_staging_probe.compute_90.ptx, line 2596; error   : Instruction 'wgmma.mma_async with floating point types' not supported on .target 'sm_90'
ptxas /tmp/tmpxft_00038c87_00000000-7_w8a16_prefill_staging_probe.compute_90.ptx, line 2614; error   : Instruction 'wgmma.mma_async with floating point types' not supported on .target 'sm_90'
ptxas /tmp/tmpxft_00038c87_00000000-7_w8a16_prefill_staging_probe.compute_90.ptx, line 2632; error   : Instruction 'wgmma.mma_async with floating point types' not supported on .target 'sm_90'
ptxas /tmp/tmpxft_00038c87_00000000-7_w8a16_prefill_staging_probe.compute_90.ptx, line 2650; error   : Instruction 'wgmma.mma_async with floating point types' not supported on .target 'sm_90'
ptxas /tmp/tmpxft_00038c87_00000000-7_w8a16_prefill_staging_probe.compute_90.ptx, line 2655; error   : Instruction 'wgmma.commit_group' not supported on .target 'sm_90'
ptxas /tmp/tmpxft_00038c87_00000000-7_w8a16_prefill_staging_probe.compute_90.ptx, line 2659; error   : Instruction 'wgmma.wait_group' not supported on .target 'sm_90'
ptxas /tmp/tmpxft_00038c87_00000000-7_w8a16_prefill_staging_probe.compute_90.ptx, line 3914; error   : Instruction 'wgmma.wait_group' not supported on .target 'sm_90'
ptxas fatal   : Ptx assembly aborted due to errors
