{"clean_env": {"PATH": "/usr/local/cuda/bin:/usr/bin:/bin", "LD_LIBRARY_PATH": "/usr/local/cuda/lib64:/usr/lib/x86_64-linux-gnu"}, "command": ["nvcc", "-gencode=arch=compute_90a,code=sm_90a", "-O3", "-std=c++17", "-Xptxas=-v", "-I", "runtime/common", "-I", "runtime/nvidia", "-DPLOW_NV_W8A16_PREFETCH=1", "-DPLOW_NV_W8A16_ASYNC=1", "runtime/nvidia/experiments/w8a16_prefill_staging_probe.cu", "-o", "plans/gemma4-12b-roofline/w8a16-all-rungs-1"]}
runtime/nvidia/experiments/w8a16_prefill_staging_probe.cu(60): warning #3357-D: capturing structured bindings is a C++20 feature
              auto launch = [&] { gemm<<<132,256,smem>>>(dc,da,db,ds,m,n,k); do { auto e = (cudaGetLastError()); if (e != cudaSuccess) { fprintf(
                                                                       ^

Remark: The warnings can be suppressed with "-diag-suppress <warning-number>"

runtime/nvidia/experiments/w8a16_prefill_staging_probe.cu(60): warning #3357-D: capturing structured bindings is a C++20 feature
              auto launch = [&] { gemm<<<132,256,smem>>>(dc,da,db,ds,m,n,k); do { auto e = (cudaGetLastError()); if (e != cudaSuccess) { fprintf(
                                                                         ^

runtime/nvidia/experiments/w8a16_prefill_staging_probe.cu(60): warning #3357-D: capturing structured bindings is a C++20 feature
              auto launch = [&] { gemm<<<132,256,smem>>>(dc,da,db,ds,m,n,k); do { auto e = (cudaGetLastError()); if (e != cudaSuccess) { fprintf(
                                                                       ^

Remark: The warnings can be suppressed with "-diag-suppress <warning-number>"

runtime/nvidia/experiments/w8a16_prefill_staging_probe.cu(60): warning #3357-D: capturing structured bindings is a C++20 feature
              auto launch = [&] { gemm<<<132,256,smem>>>(dc,da,db,ds,m,n,k); do { auto e = (cudaGetLastError()); if (e != cudaSuccess) { fprintf(
                                                                         ^

ptxas info    : 0 bytes gmem
ptxas info    : Compiling entry function '_Z4gemmP13__nv_bfloat16PKS_PKhPKfjjj' for 'sm_90a'
ptxas info    : Function properties for _Z4gemmP13__nv_bfloat16PKS_PKhPKfjjj
    0 bytes stack frame, 0 bytes spill stores, 0 bytes spill loads
ptxas info    : Used 168 registers, used 1 barriers
ptxas info    : Compile time = 268.233 ms
