ptxas info    : 0 bytes gmem
ptxas info    : Compiling entry function '_ZN15gemma_fp8_probe9w8a16_mmaILb1EEEvP13__nv_bfloat16PfPKS1_PKhPKfjjjj' for 'sm_90a'
ptxas info    : Function properties for _ZN15gemma_fp8_probe9w8a16_mmaILb1EEEvP13__nv_bfloat16PfPKS1_PKhPKfjjjj
    0 bytes stack frame, 0 bytes spill stores, 0 bytes spill loads
ptxas info    : Used 34 registers, used 0 barriers
ptxas info    : Compile time = 15.010 ms
ptxas info    : Compiling entry function '_ZN15gemma_fp8_probe9w8a16_mmaILb0EEEvP13__nv_bfloat16PfPKS1_PKhPKfjjjj' for 'sm_90a'
ptxas info    : Function properties for _ZN15gemma_fp8_probe9w8a16_mmaILb0EEEvP13__nv_bfloat16PfPKS1_PKhPKfjjjj
    0 bytes stack frame, 0 bytes spill stores, 0 bytes spill loads
ptxas info    : Used 34 registers, used 0 barriers
ptxas info    : Compile time = 13.698 ms
ptxas info    : Compiling entry function '_ZN15gemma_fp8_probe6reduceEP13__nv_bfloat16PKfS3_jjj' for 'sm_90a'
ptxas info    : Function properties for _ZN15gemma_fp8_probe6reduceEP13__nv_bfloat16PKfS3_jjj
    0 bytes stack frame, 0 bytes spill stores, 0 bytes spill loads
ptxas info    : Used 32 registers, used 0 barriers
ptxas info    : Compile time = 10.561 ms
ptxas info    : Compiling entry function '_Z11flush_cachePjj' for 'sm_90a'
ptxas info    : Function properties for _Z11flush_cachePjj
    0 bytes stack frame, 0 bytes spill stores, 0 bytes spill loads
ptxas info    : Used 10 registers, used 0 barriers
ptxas info    : Compile time = 1.217 ms
ptxas info    : Compiling entry function '_Z10productionP13__nv_bfloat16PKS_PKhPKfjjj' for 'sm_90a'
ptxas info    : Function properties for _Z10productionP13__nv_bfloat16PKS_PKhPKfjjj
    0 bytes stack frame, 0 bytes spill stores, 0 bytes spill loads
ptxas info    : Used 91 registers, used 0 barriers
ptxas info    : Compile time = 611.943 ms
