["nvcc", "-std=c++17", "-arch=sm_90a", "-O3", "-cubin", "-Xptxas=-v", "-I", "runtime/common", "-I", "runtime/nvidia", "-DPLOW_NV_PREFILL=1", "-DPLOW_NV_SEGMENTS=1", "-DPLOW_NV_GEMMA=1", "-DPLOW_NV_FA_GF=2", "-DPLOW_NV_EMBED_SMEM=1", "-DPLOW_NV_MLA=0", "-DPLOW_NV_MAMBA=0", "-DPLOW_NV_DSA=0", "-DPLOW_NV_GEMV_RB=1", "-DPLOW_MOE_DOWN_LANESPLIT=1", "-DPLOW_NV_FA_WPR=1", "-DPLOW_NV_FP8_RB=4", "-DPLOW_NV_TMA_GEMM=1", "-DPGM90_TMA_STAGES=3", "-DPLOW_NV_W8A8=1", "-DPGM90_FP8_PROMOTE=1", "-DPLOW_NV_GEMM_ONLY=1", "-DPLOW_NV_SEG_GEMM=1", "-DPLOW_NV_SEG_OCC1=1", "-DPLOW_NV_PACKED_REQUEST=1", "-DPLOW_NV_MASKED_PADDING=1", "-o", "plans/gemma4-12b-roofline/cubin-w8a8-promoted/interp_sm90a_pfpackedgemm.cubin", "runtime/nvidia/interp_sm90a.cu"]
runtime/nvidia/op_moe.cuh(1282): warning #177-D: label "down_scalar" was declared but never referenced
  down_scalar:
  ^

Remark: The warnings can be suppressed with "-diag-suppress <warning-number>"

ptxas info    : (C7515) Potential Performance Loss: wgmma.mma_async instructions are serialized due to non wgmma instructions defining accumulator registers of a wgmma between start and end of the pipeline stage in the function '_Z25interp_sm90a_pfpackedgemm11PlowProgram'
ptxas info    : 80 bytes gmem
ptxas info    : Compiling entry function '_Z25interp_sm90a_pfpackedgemm11PlowProgram' for 'sm_90a'
ptxas info    : Function properties for _Z25interp_sm90a_pfpackedgemm11PlowProgram
    0 bytes stack frame, 0 bytes spill stores, 0 bytes spill loads
ptxas info    : Used 218 registers, used 1 barriers, 16 bytes smem
ptxas info    : Compile time = 486.084 ms
ptxas info    : Compiling entry function '_Z25plow_moe_slot_glu_fp8_blkP13__nv_bfloat16PKS_PKhPKyS6_jjjjj' for 'sm_90a'
ptxas info    : Function properties for _Z25plow_moe_slot_glu_fp8_blkP13__nv_bfloat16PKS_PKhPKyS6_jjjjj
    0 bytes stack frame, 0 bytes spill stores, 0 bytes spill loads
ptxas info    : Used 40 registers, used 0 barriers
ptxas info    : Compile time = 11.492 ms
ptxas info    : Compiling entry function '_Z27plow_moe_group_down_fp8_blkPfPK13__nv_bfloat16PKhPKyS6_jjjj' for 'sm_90a'
ptxas info    : Function properties for _Z27plow_moe_group_down_fp8_blkPfPK13__nv_bfloat16PKhPKyS6_jjjj
    0 bytes stack frame, 0 bytes spill stores, 0 bytes spill loads
ptxas info    : Used 46 registers, used 0 barriers
ptxas info    : Compile time = 8.328 ms
ptxas info    : Compiling entry function '_Z26plow_moe_group_glu_fp8_blkP13__nv_bfloat16PKS_PKhPKyS6_jjjjjj' for 'sm_90a'
ptxas info    : Function properties for _Z26plow_moe_group_glu_fp8_blkP13__nv_bfloat16PKS_PKhPKyS6_jjjjjj
    0 bytes stack frame, 0 bytes spill stores, 0 bytes spill loads
ptxas info    : Used 48 registers, used 0 barriers
ptxas info    : Compile time = 12.136 ms
