   Compiling devgen v0.1.0 (/home/lava/plow/crates/devgen)
warning: unused import: `RopeScale`
 --> crates/devgen/src/mla.rs:8:31
  |
8 | use packet::rope::{GenTensor, RopeScale};
  |                               ^^^^^^^^^
  |
  = note: `#[warn(unused_imports)]` (part of `#[warn(unused)]`) on by default

warning: constant `MLA_DK` is never used
    --> crates/devgen/src/lib.rs:7496:18
     |
7496 | pub(crate) const MLA_DK: u32 = 512;
     |                  ^^^^^^
     |
     = note: `#[warn(dead_code)]` (part of `#[warn(unused)]`) on by default

warning: constant `MLA_FOLD_VEC` is never used
    --> crates/devgen/src/lib.rs:7500:18
     |
7500 | pub(crate) const MLA_FOLD_VEC: u32 = 4;
     |                  ^^^^^^^^^^^^

warning: function `require_mla_geometry` is never used
    --> crates/devgen/src/lib.rs:7534:15
     |
7534 | pub(crate) fn require_mla_geometry(kv_lora: u32, qk_rope: u32, v_head: u32, model: &str) {
     |               ^^^^^^^^^^^^^^^^^^^^

   Compiling plowc v0.1.0 (/home/lava/plow/crates/plowc)
warning: `devgen` (lib) generated 4 warnings (run `cargo fix --lib -p devgen` to apply 1 suggestion)
    Finished `release` profile [optimized] target(s) in 2m 51s
