runtime/nvidia/op_moe.cuh(1282): warning #177-D: label "down_scalar" was declared but never referenced
  down_scalar:
  ^

Remark: The warnings can be suppressed with "-diag-suppress <warning-number>"

runtime/nvidia/op_norm.cuh(808): warning #128-D: loop is not reachable
          for (unsigned e = 0; e < E; e++) {
          ^
          detected during instantiation of "void d_headnorm_rope<HD,INTERLEAVE>(__nv_bfloat16 *, const __nv_bfloat16 *, const __nv_bfloat16 *, const float *, const float *, const int *, unsigned int, unsigned int, float, unsigned int, unsigned int, unsigned int, unsigned int, unsigned int, unsigned int, unsigned int, const int *) [with HD=256, INTERLEAVE=false]" at line 1603 of runtime/nvidia/interp_sm120.cu

runtime/nvidia/op_norm.cuh(808): warning #128-D: loop is not reachable
          for (unsigned e = 0; e < E; e++) {
          ^
          detected during instantiation of "void d_headnorm_rope<HD,INTERLEAVE>(__nv_bfloat16 *, const __nv_bfloat16 *, const __nv_bfloat16 *, const float *, const float *, const int *, unsigned int, unsigned int, float, unsigned int, unsigned int, unsigned int, unsigned int, unsigned int, unsigned int, unsigned int, const int *) [with HD=512, INTERLEAVE=false]" at line 1609 of runtime/nvidia/interp_sm120.cu

ptxas info    : 84 bytes gmem
ptxas info    : Compiling entry function '_Z12interp_sm90a11PlowProgram' for 'sm_90a'
ptxas info    : Function properties for _Z12interp_sm90a11PlowProgram
    0 bytes stack frame, 0 bytes spill stores, 0 bytes spill loads
ptxas info    : Used 198 registers, used 1 barriers, 1424 bytes smem
ptxas info    : Compile time = 7847.087 ms
ptxas info    : Function properties for _Z20d_flash_decode_slotsILi128ELi2EEvPfS0_PK13__nv_bfloat16S3_S3_PKijjjjjfjjjjS0_jS5_
    0 bytes stack frame, 0 bytes spill stores, 0 bytes spill loads
ptxas info    : Function properties for _Z20d_flash_decode_slotsILi256ELi2EEvPfS0_PK13__nv_bfloat16S3_S3_PKijjjjjfjjjjS0_jS5_
    0 bytes stack frame, 0 bytes spill stores, 0 bytes spill loads
ptxas info    : Function properties for _Z20d_flash_decode_slotsILi512ELi4EEvPfS0_PK13__nv_bfloat16S3_S3_PKijjjjjfjjjjS0_jS5_
    0 bytes stack frame, 0 bytes spill stores, 0 bytes spill loads
ptxas info    : Compiling entry function '_Z25plow_moe_slot_glu_fp8_blkP13__nv_bfloat16PKS_PKhPKyS6_jjjjj' for 'sm_90a'
ptxas info    : Function properties for _Z25plow_moe_slot_glu_fp8_blkP13__nv_bfloat16PKS_PKhPKyS6_jjjjj
    0 bytes stack frame, 0 bytes spill stores, 0 bytes spill loads
ptxas info    : Used 40 registers, used 0 barriers
ptxas info    : Compile time = 12.638 ms
ptxas info    : Compiling entry function '_Z27plow_moe_group_down_fp8_blkPfPK13__nv_bfloat16PKhPKyS6_jjjj' for 'sm_90a'
ptxas info    : Function properties for _Z27plow_moe_group_down_fp8_blkPfPK13__nv_bfloat16PKhPKyS6_jjjj
    0 bytes stack frame, 0 bytes spill stores, 0 bytes spill loads
ptxas info    : Used 46 registers, used 0 barriers
ptxas info    : Compile time = 8.715 ms
ptxas info    : Compiling entry function '_Z26plow_moe_group_glu_fp8_blkP13__nv_bfloat16PKS_PKhPKyS6_jjjjjj' for 'sm_90a'
ptxas info    : Function properties for _Z26plow_moe_group_glu_fp8_blkP13__nv_bfloat16PKS_PKhPKyS6_jjjjjj
    0 bytes stack frame, 0 bytes spill stores, 0 bytes spill loads
ptxas info    : Used 48 registers, used 0 barriers
ptxas info    : Compile time = 12.276 ms
